Archive member included to satisfy reference by file (symbol)

/opt/truestudio/ARMTools/bin/../lib/gcc/arm-atollic-eabi/6.3.1/../../../../arm-atollic-eabi/lib/armv7-m/libc_nano.a(lib_a-errno.o)
                              Src/syscalls.o (__errno)
/opt/truestudio/ARMTools/bin/../lib/gcc/arm-atollic-eabi/6.3.1/../../../../arm-atollic-eabi/lib/armv7-m/libc_nano.a(lib_a-impure.o)
                              /opt/truestudio/ARMTools/bin/../lib/gcc/arm-atollic-eabi/6.3.1/../../../../arm-atollic-eabi/lib/armv7-m/libc_nano.a(lib_a-errno.o) (_impure_ptr)
/opt/truestudio/ARMTools/bin/../lib/gcc/arm-atollic-eabi/6.3.1/../../../../arm-atollic-eabi/lib/armv7-m/libc_nano.a(lib_a-init.o)
                              startup/startup_stm32f103xb.o (__libc_init_array)
/opt/truestudio/ARMTools/bin/../lib/gcc/arm-atollic-eabi/6.3.1/../../../../arm-atollic-eabi/lib/armv7-m/libc_nano.a(lib_a-memset.o)
                              Drivers/STM32F1xx_HAL_Driver/Src/stm32f1xx_hal_rcc.o (memset)
/opt/truestudio/ARMTools/bin/../lib/gcc/arm-atollic-eabi/6.3.1/../../../../arm-atollic-eabi/lib/armv7-m/libc_nano.a(lib_a-strcpy.o)
                              Src/bluetooth_controller.o (strcpy)
/opt/truestudio/ARMTools/bin/../lib/gcc/arm-atollic-eabi/6.3.1/../../../../arm-atollic-eabi/lib/armv7-m/libc_nano.a(lib_a-strlen.o)
                              Src/bluetooth_controller.o (strlen)
/opt/truestudio/ARMTools/bin/../lib/gcc/arm-atollic-eabi/6.3.1/armv7-m/libgcc.a(_lshrdi3.o)
                              Drivers/STM32F1xx_HAL_Driver/Src/stm32f1xx_hal_flash.o (__aeabi_llsr)

Allocating common symbols
Common symbol       size              file

hi2c1               0x54              Src/i2c.o
uwTick              0x4               Drivers/STM32F1xx_HAL_Driver/Src/stm32f1xx_hal.o
pFlash              0x20              Drivers/STM32F1xx_HAL_Driver/Src/stm32f1xx_hal_flash.o
huart1              0x40              Src/usart.o
generic_buffer      0x3               Src/bluetooth_controller.o

Discarded input sections

 .text          0x0000000000000000        0x0 /opt/truestudio/ARMTools/bin/../lib/gcc/arm-atollic-eabi/6.3.1/armv7-m/crti.o
 .data          0x0000000000000000        0x0 /opt/truestudio/ARMTools/bin/../lib/gcc/arm-atollic-eabi/6.3.1/armv7-m/crti.o
 .bss           0x0000000000000000        0x0 /opt/truestudio/ARMTools/bin/../lib/gcc/arm-atollic-eabi/6.3.1/armv7-m/crti.o
 .data          0x0000000000000000        0x4 /opt/truestudio/ARMTools/bin/../lib/gcc/arm-atollic-eabi/6.3.1/armv7-m/crtbegin.o
 .text          0x0000000000000000        0x0 Drivers/STM32F1xx_HAL_Driver/Src/stm32f1xx_hal.o
 .data          0x0000000000000000        0x0 Drivers/STM32F1xx_HAL_Driver/Src/stm32f1xx_hal.o
 .bss           0x0000000000000000        0x0 Drivers/STM32F1xx_HAL_Driver/Src/stm32f1xx_hal.o
 .text.HAL_MspInit
                0x0000000000000000        0x2 Drivers/STM32F1xx_HAL_Driver/Src/stm32f1xx_hal.o
 .text.HAL_MspDeInit
                0x0000000000000000        0x2 Drivers/STM32F1xx_HAL_Driver/Src/stm32f1xx_hal.o
 .text.HAL_DeInit
                0x0000000000000000       0x20 Drivers/STM32F1xx_HAL_Driver/Src/stm32f1xx_hal.o
 .text.HAL_GetTickPrio
                0x0000000000000000        0xc Drivers/STM32F1xx_HAL_Driver/Src/stm32f1xx_hal.o
 .text.HAL_SetTickFreq
                0x0000000000000000       0x40 Drivers/STM32F1xx_HAL_Driver/Src/stm32f1xx_hal.o
 .text.HAL_GetTickFreq
                0x0000000000000000        0xc Drivers/STM32F1xx_HAL_Driver/Src/stm32f1xx_hal.o
 .text.HAL_Delay
                0x0000000000000000       0x24 Drivers/STM32F1xx_HAL_Driver/Src/stm32f1xx_hal.o
 .text.HAL_SuspendTick
                0x0000000000000000       0x10 Drivers/STM32F1xx_HAL_Driver/Src/stm32f1xx_hal.o
 .text.HAL_ResumeTick
                0x0000000000000000       0x10 Drivers/STM32F1xx_HAL_Driver/Src/stm32f1xx_hal.o
 .text.HAL_GetHalVersion
                0x0000000000000000        0x8 Drivers/STM32F1xx_HAL_Driver/Src/stm32f1xx_hal.o
 .text.HAL_GetREVID
                0x0000000000000000        0xc Drivers/STM32F1xx_HAL_Driver/Src/stm32f1xx_hal.o
 .text.HAL_GetDEVID
                0x0000000000000000       0x10 Drivers/STM32F1xx_HAL_Driver/Src/stm32f1xx_hal.o
 .text.HAL_DBGMCU_EnableDBGSleepMode
                0x0000000000000000       0x10 Drivers/STM32F1xx_HAL_Driver/Src/stm32f1xx_hal.o
 .text.HAL_DBGMCU_DisableDBGSleepMode
                0x0000000000000000       0x10 Drivers/STM32F1xx_HAL_Driver/Src/stm32f1xx_hal.o
 .text.HAL_DBGMCU_EnableDBGStopMode
                0x0000000000000000       0x10 Drivers/STM32F1xx_HAL_Driver/Src/stm32f1xx_hal.o
 .text.HAL_DBGMCU_DisableDBGStopMode
                0x0000000000000000       0x10 Drivers/STM32F1xx_HAL_Driver/Src/stm32f1xx_hal.o
 .text.HAL_DBGMCU_EnableDBGStandbyMode
                0x0000000000000000       0x10 Drivers/STM32F1xx_HAL_Driver/Src/stm32f1xx_hal.o
 .text.HAL_DBGMCU_DisableDBGStandbyMode
                0x0000000000000000       0x10 Drivers/STM32F1xx_HAL_Driver/Src/stm32f1xx_hal.o
 .text.HAL_GetUID
                0x0000000000000000       0x20 Drivers/STM32F1xx_HAL_Driver/Src/stm32f1xx_hal.o
 .rodata.HAL_SetTickFreq.str1.1
                0x0000000000000000       0x34 Drivers/STM32F1xx_HAL_Driver/Src/stm32f1xx_hal.o
 .text          0x0000000000000000        0x0 Drivers/STM32F1xx_HAL_Driver/Src/stm32f1xx_hal_cortex.o
 .data          0x0000000000000000        0x0 Drivers/STM32F1xx_HAL_Driver/Src/stm32f1xx_hal_cortex.o
 .bss           0x0000000000000000        0x0 Drivers/STM32F1xx_HAL_Driver/Src/stm32f1xx_hal_cortex.o
 .text.HAL_NVIC_EnableIRQ
                0x0000000000000000       0x2c Drivers/STM32F1xx_HAL_Driver/Src/stm32f1xx_hal_cortex.o
 .text.HAL_NVIC_DisableIRQ
                0x0000000000000000       0x2c Drivers/STM32F1xx_HAL_Driver/Src/stm32f1xx_hal_cortex.o
 .text.HAL_NVIC_SystemReset
                0x0000000000000000       0x24 Drivers/STM32F1xx_HAL_Driver/Src/stm32f1xx_hal_cortex.o
 .text.HAL_NVIC_GetPriorityGrouping
                0x0000000000000000       0x10 Drivers/STM32F1xx_HAL_Driver/Src/stm32f1xx_hal_cortex.o
 .text.HAL_NVIC_GetPriority
                0x0000000000000000       0x78 Drivers/STM32F1xx_HAL_Driver/Src/stm32f1xx_hal_cortex.o
 .text.HAL_NVIC_SetPendingIRQ
                0x0000000000000000       0x30 Drivers/STM32F1xx_HAL_Driver/Src/stm32f1xx_hal_cortex.o
 .text.HAL_NVIC_GetPendingIRQ
                0x0000000000000000       0x30 Drivers/STM32F1xx_HAL_Driver/Src/stm32f1xx_hal_cortex.o
 .text.HAL_NVIC_ClearPendingIRQ
                0x0000000000000000       0x30 Drivers/STM32F1xx_HAL_Driver/Src/stm32f1xx_hal_cortex.o
 .text.HAL_NVIC_GetActive
                0x0000000000000000       0x30 Drivers/STM32F1xx_HAL_Driver/Src/stm32f1xx_hal_cortex.o
 .text.HAL_SYSTICK_CLKSourceConfig
                0x0000000000000000       0x30 Drivers/STM32F1xx_HAL_Driver/Src/stm32f1xx_hal_cortex.o
 .text.HAL_SYSTICK_Callback
                0x0000000000000000        0x2 Drivers/STM32F1xx_HAL_Driver/Src/stm32f1xx_hal_cortex.o
 .text.HAL_SYSTICK_IRQHandler
                0x0000000000000000        0x8 Drivers/STM32F1xx_HAL_Driver/Src/stm32f1xx_hal_cortex.o
 .text          0x0000000000000000        0x0 Drivers/STM32F1xx_HAL_Driver/Src/stm32f1xx_hal_dma.o
 .data          0x0000000000000000        0x0 Drivers/STM32F1xx_HAL_Driver/Src/stm32f1xx_hal_dma.o
 .bss           0x0000000000000000        0x0 Drivers/STM32F1xx_HAL_Driver/Src/stm32f1xx_hal_dma.o
 .text.HAL_DMA_Init
                0x0000000000000000      0x120 Drivers/STM32F1xx_HAL_Driver/Src/stm32f1xx_hal_dma.o
 .text.HAL_DMA_DeInit
                0x0000000000000000       0x94 Drivers/STM32F1xx_HAL_Driver/Src/stm32f1xx_hal_dma.o
 .text.HAL_DMA_Start
                0x0000000000000000       0x88 Drivers/STM32F1xx_HAL_Driver/Src/stm32f1xx_hal_dma.o
 .text.HAL_DMA_Start_IT
                0x0000000000000000       0xa8 Drivers/STM32F1xx_HAL_Driver/Src/stm32f1xx_hal_dma.o
 .text.HAL_DMA_Abort
                0x0000000000000000       0x2c Drivers/STM32F1xx_HAL_Driver/Src/stm32f1xx_hal_dma.o
 .text.HAL_DMA_Abort_IT
                0x0000000000000000       0x90 Drivers/STM32F1xx_HAL_Driver/Src/stm32f1xx_hal_dma.o
 .text.HAL_DMA_PollForTransfer
                0x0000000000000000      0x238 Drivers/STM32F1xx_HAL_Driver/Src/stm32f1xx_hal_dma.o
 .text.HAL_DMA_IRQHandler
                0x0000000000000000      0x128 Drivers/STM32F1xx_HAL_Driver/Src/stm32f1xx_hal_dma.o
 .text.HAL_DMA_RegisterCallback
                0x0000000000000000       0x46 Drivers/STM32F1xx_HAL_Driver/Src/stm32f1xx_hal_dma.o
 .text.HAL_DMA_UnRegisterCallback
                0x0000000000000000       0x4e Drivers/STM32F1xx_HAL_Driver/Src/stm32f1xx_hal_dma.o
 .text.HAL_DMA_GetState
                0x0000000000000000        0x6 Drivers/STM32F1xx_HAL_Driver/Src/stm32f1xx_hal_dma.o
 .text.HAL_DMA_GetError
                0x0000000000000000        0x4 Drivers/STM32F1xx_HAL_Driver/Src/stm32f1xx_hal_dma.o
 .rodata.HAL_DMA_Init.str1.1
                0x0000000000000000       0x38 Drivers/STM32F1xx_HAL_Driver/Src/stm32f1xx_hal_dma.o
 .debug_info    0x0000000000000000     0x1194 Drivers/STM32F1xx_HAL_Driver/Src/stm32f1xx_hal_dma.o
 .debug_abbrev  0x0000000000000000      0x2b8 Drivers/STM32F1xx_HAL_Driver/Src/stm32f1xx_hal_dma.o
 .debug_loc     0x0000000000000000      0x676 Drivers/STM32F1xx_HAL_Driver/Src/stm32f1xx_hal_dma.o
 .debug_aranges
                0x0000000000000000       0x78 Drivers/STM32F1xx_HAL_Driver/Src/stm32f1xx_hal_dma.o
 .debug_ranges  0x0000000000000000       0xb8 Drivers/STM32F1xx_HAL_Driver/Src/stm32f1xx_hal_dma.o
 .debug_line    0x0000000000000000      0x6f1 Drivers/STM32F1xx_HAL_Driver/Src/stm32f1xx_hal_dma.o
 .debug_str     0x0000000000000000      0xb03 Drivers/STM32F1xx_HAL_Driver/Src/stm32f1xx_hal_dma.o
 .comment       0x0000000000000000       0x7d Drivers/STM32F1xx_HAL_Driver/Src/stm32f1xx_hal_dma.o
 .debug_frame   0x0000000000000000      0x144 Drivers/STM32F1xx_HAL_Driver/Src/stm32f1xx_hal_dma.o
 .ARM.attributes
                0x0000000000000000       0x33 Drivers/STM32F1xx_HAL_Driver/Src/stm32f1xx_hal_dma.o
 .text          0x0000000000000000        0x0 Drivers/STM32F1xx_HAL_Driver/Src/stm32f1xx_hal_flash.o
 .data          0x0000000000000000        0x0 Drivers/STM32F1xx_HAL_Driver/Src/stm32f1xx_hal_flash.o
 .bss           0x0000000000000000        0x0 Drivers/STM32F1xx_HAL_Driver/Src/stm32f1xx_hal_flash.o
 .text.FLASH_SetErrorCode
                0x0000000000000000       0x50 Drivers/STM32F1xx_HAL_Driver/Src/stm32f1xx_hal_flash.o
 .text.HAL_FLASH_Program_IT
                0x0000000000000000       0xc4 Drivers/STM32F1xx_HAL_Driver/Src/stm32f1xx_hal_flash.o
 .text.HAL_FLASH_EndOfOperationCallback
                0x0000000000000000        0x2 Drivers/STM32F1xx_HAL_Driver/Src/stm32f1xx_hal_flash.o
 .text.HAL_FLASH_OperationErrorCallback
                0x0000000000000000        0x2 Drivers/STM32F1xx_HAL_Driver/Src/stm32f1xx_hal_flash.o
 .text.HAL_FLASH_IRQHandler
                0x0000000000000000      0x114 Drivers/STM32F1xx_HAL_Driver/Src/stm32f1xx_hal_flash.o
 .text.HAL_FLASH_Unlock
                0x0000000000000000       0x24 Drivers/STM32F1xx_HAL_Driver/Src/stm32f1xx_hal_flash.o
 .text.HAL_FLASH_Lock
                0x0000000000000000       0x14 Drivers/STM32F1xx_HAL_Driver/Src/stm32f1xx_hal_flash.o
 .text.HAL_FLASH_OB_Unlock
                0x0000000000000000       0x24 Drivers/STM32F1xx_HAL_Driver/Src/stm32f1xx_hal_flash.o
 .text.HAL_FLASH_OB_Lock
                0x0000000000000000       0x14 Drivers/STM32F1xx_HAL_Driver/Src/stm32f1xx_hal_flash.o
 .text.HAL_FLASH_OB_Launch
                0x0000000000000000        0x4 Drivers/STM32F1xx_HAL_Driver/Src/stm32f1xx_hal_flash.o
 .text.HAL_FLASH_GetError
                0x0000000000000000        0xc Drivers/STM32F1xx_HAL_Driver/Src/stm32f1xx_hal_flash.o
 .text.FLASH_WaitForLastOperation
                0x0000000000000000       0x54 Drivers/STM32F1xx_HAL_Driver/Src/stm32f1xx_hal_flash.o
 .text.HAL_FLASH_Program
                0x0000000000000000       0xe4 Drivers/STM32F1xx_HAL_Driver/Src/stm32f1xx_hal_flash.o
 .rodata.HAL_FLASH_Program_IT.str1.1
                0x0000000000000000       0x3a Drivers/STM32F1xx_HAL_Driver/Src/stm32f1xx_hal_flash.o
 .debug_info    0x0000000000000000      0xf6f Drivers/STM32F1xx_HAL_Driver/Src/stm32f1xx_hal_flash.o
 .debug_abbrev  0x0000000000000000      0x355 Drivers/STM32F1xx_HAL_Driver/Src/stm32f1xx_hal_flash.o
 .debug_loc     0x0000000000000000      0x357 Drivers/STM32F1xx_HAL_Driver/Src/stm32f1xx_hal_flash.o
 .debug_aranges
                0x0000000000000000       0x78 Drivers/STM32F1xx_HAL_Driver/Src/stm32f1xx_hal_flash.o
 .debug_ranges  0x0000000000000000       0xb8 Drivers/STM32F1xx_HAL_Driver/Src/stm32f1xx_hal_flash.o
 .debug_line    0x0000000000000000      0x4ef Drivers/STM32F1xx_HAL_Driver/Src/stm32f1xx_hal_flash.o
 .debug_str     0x0000000000000000      0xa23 Drivers/STM32F1xx_HAL_Driver/Src/stm32f1xx_hal_flash.o
 .comment       0x0000000000000000       0x7d Drivers/STM32F1xx_HAL_Driver/Src/stm32f1xx_hal_flash.o
 .debug_frame   0x0000000000000000      0x124 Drivers/STM32F1xx_HAL_Driver/Src/stm32f1xx_hal_flash.o
 .ARM.attributes
                0x0000000000000000       0x33 Drivers/STM32F1xx_HAL_Driver/Src/stm32f1xx_hal_flash.o
 COMMON         0x0000000000000000       0x20 Drivers/STM32F1xx_HAL_Driver/Src/stm32f1xx_hal_flash.o
 .text          0x0000000000000000        0x0 Drivers/STM32F1xx_HAL_Driver/Src/stm32f1xx_hal_flash_ex.o
 .data          0x0000000000000000        0x0 Drivers/STM32F1xx_HAL_Driver/Src/stm32f1xx_hal_flash_ex.o
 .bss           0x0000000000000000        0x0 Drivers/STM32F1xx_HAL_Driver/Src/stm32f1xx_hal_flash_ex.o
 .text.FLASH_OB_RDP_LevelConfig
                0x0000000000000000       0x78 Drivers/STM32F1xx_HAL_Driver/Src/stm32f1xx_hal_flash_ex.o
 .text.HAL_FLASHEx_OBErase
                0x0000000000000000       0x54 Drivers/STM32F1xx_HAL_Driver/Src/stm32f1xx_hal_flash_ex.o
 .text.HAL_FLASHEx_OBProgram
                0x0000000000000000      0x25c Drivers/STM32F1xx_HAL_Driver/Src/stm32f1xx_hal_flash_ex.o
 .text.HAL_FLASHEx_OBGetConfig
                0x0000000000000000       0x28 Drivers/STM32F1xx_HAL_Driver/Src/stm32f1xx_hal_flash_ex.o
 .text.HAL_FLASHEx_OBGetUserData
                0x0000000000000000       0x1c Drivers/STM32F1xx_HAL_Driver/Src/stm32f1xx_hal_flash_ex.o
 .text.FLASH_PageErase
                0x0000000000000000       0x24 Drivers/STM32F1xx_HAL_Driver/Src/stm32f1xx_hal_flash_ex.o
 .text.HAL_FLASHEx_Erase
                0x0000000000000000      0x150 Drivers/STM32F1xx_HAL_Driver/Src/stm32f1xx_hal_flash_ex.o
 .text.HAL_FLASHEx_Erase_IT
                0x0000000000000000      0x114 Drivers/STM32F1xx_HAL_Driver/Src/stm32f1xx_hal_flash_ex.o
 .rodata.FLASH_OB_RDP_LevelConfig.str1.1
                0x0000000000000000       0x3d Drivers/STM32F1xx_HAL_Driver/Src/stm32f1xx_hal_flash_ex.o
 .debug_info    0x0000000000000000     0x155c Drivers/STM32F1xx_HAL_Driver/Src/stm32f1xx_hal_flash_ex.o
 .debug_abbrev  0x0000000000000000      0x356 Drivers/STM32F1xx_HAL_Driver/Src/stm32f1xx_hal_flash_ex.o
 .debug_loc     0x0000000000000000      0x786 Drivers/STM32F1xx_HAL_Driver/Src/stm32f1xx_hal_flash_ex.o
 .debug_aranges
                0x0000000000000000       0x58 Drivers/STM32F1xx_HAL_Driver/Src/stm32f1xx_hal_flash_ex.o
 .debug_ranges  0x0000000000000000       0xe8 Drivers/STM32F1xx_HAL_Driver/Src/stm32f1xx_hal_flash_ex.o
 .debug_line    0x0000000000000000      0x5a7 Drivers/STM32F1xx_HAL_Driver/Src/stm32f1xx_hal_flash_ex.o
 .debug_str     0x0000000000000000      0xb39 Drivers/STM32F1xx_HAL_Driver/Src/stm32f1xx_hal_flash_ex.o
 .comment       0x0000000000000000       0x7d Drivers/STM32F1xx_HAL_Driver/Src/stm32f1xx_hal_flash_ex.o
 .debug_frame   0x0000000000000000       0xe0 Drivers/STM32F1xx_HAL_Driver/Src/stm32f1xx_hal_flash_ex.o
 .ARM.attributes
                0x0000000000000000       0x33 Drivers/STM32F1xx_HAL_Driver/Src/stm32f1xx_hal_flash_ex.o
 .text          0x0000000000000000        0x0 Drivers/STM32F1xx_HAL_Driver/Src/stm32f1xx_hal_gpio.o
 .data          0x0000000000000000        0x0 Drivers/STM32F1xx_HAL_Driver/Src/stm32f1xx_hal_gpio.o
 .bss           0x0000000000000000        0x0 Drivers/STM32F1xx_HAL_Driver/Src/stm32f1xx_hal_gpio.o
 .text.HAL_GPIO_DeInit
                0x0000000000000000      0x12c Drivers/STM32F1xx_HAL_Driver/Src/stm32f1xx_hal_gpio.o
 .text.HAL_GPIO_ReadPin
                0x0000000000000000       0x24 Drivers/STM32F1xx_HAL_Driver/Src/stm32f1xx_hal_gpio.o
 .text.HAL_GPIO_LockPin
                0x0000000000000000       0x74 Drivers/STM32F1xx_HAL_Driver/Src/stm32f1xx_hal_gpio.o
 .text.HAL_GPIO_EXTI_Callback
                0x0000000000000000        0x2 Drivers/STM32F1xx_HAL_Driver/Src/stm32f1xx_hal_gpio.o
 .text.HAL_GPIO_EXTI_IRQHandler
                0x0000000000000000       0x18 Drivers/STM32F1xx_HAL_Driver/Src/stm32f1xx_hal_gpio.o
 .text          0x0000000000000000        0x0 Drivers/STM32F1xx_HAL_Driver/Src/stm32f1xx_hal_gpio_ex.o
 .data          0x0000000000000000        0x0 Drivers/STM32F1xx_HAL_Driver/Src/stm32f1xx_hal_gpio_ex.o
 .bss           0x0000000000000000        0x0 Drivers/STM32F1xx_HAL_Driver/Src/stm32f1xx_hal_gpio_ex.o
 .text.HAL_GPIOEx_ConfigEventout
                0x0000000000000000       0x3c Drivers/STM32F1xx_HAL_Driver/Src/stm32f1xx_hal_gpio_ex.o
 .text.HAL_GPIOEx_EnableEventout
                0x0000000000000000       0x10 Drivers/STM32F1xx_HAL_Driver/Src/stm32f1xx_hal_gpio_ex.o
 .text.HAL_GPIOEx_DisableEventout
                0x0000000000000000       0x10 Drivers/STM32F1xx_HAL_Driver/Src/stm32f1xx_hal_gpio_ex.o
 .rodata.HAL_GPIOEx_ConfigEventout.str1.1
                0x0000000000000000       0x3c Drivers/STM32F1xx_HAL_Driver/Src/stm32f1xx_hal_gpio_ex.o
 .debug_info    0x0000000000000000      0xa7e Drivers/STM32F1xx_HAL_Driver/Src/stm32f1xx_hal_gpio_ex.o
 .debug_abbrev  0x0000000000000000      0x1fb Drivers/STM32F1xx_HAL_Driver/Src/stm32f1xx_hal_gpio_ex.o
 .debug_loc     0x0000000000000000       0x58 Drivers/STM32F1xx_HAL_Driver/Src/stm32f1xx_hal_gpio_ex.o
 .debug_aranges
                0x0000000000000000       0x30 Drivers/STM32F1xx_HAL_Driver/Src/stm32f1xx_hal_gpio_ex.o
 .debug_ranges  0x0000000000000000       0x20 Drivers/STM32F1xx_HAL_Driver/Src/stm32f1xx_hal_gpio_ex.o
 .debug_line    0x0000000000000000      0x275 Drivers/STM32F1xx_HAL_Driver/Src/stm32f1xx_hal_gpio_ex.o
 .debug_str     0x0000000000000000      0x75d Drivers/STM32F1xx_HAL_Driver/Src/stm32f1xx_hal_gpio_ex.o
 .comment       0x0000000000000000       0x7d Drivers/STM32F1xx_HAL_Driver/Src/stm32f1xx_hal_gpio_ex.o
 .debug_frame   0x0000000000000000       0x4c Drivers/STM32F1xx_HAL_Driver/Src/stm32f1xx_hal_gpio_ex.o
 .ARM.attributes
                0x0000000000000000       0x33 Drivers/STM32F1xx_HAL_Driver/Src/stm32f1xx_hal_gpio_ex.o
 .text          0x0000000000000000        0x0 Drivers/STM32F1xx_HAL_Driver/Src/stm32f1xx_hal_i2c.o
 .data          0x0000000000000000        0x0 Drivers/STM32F1xx_HAL_Driver/Src/stm32f1xx_hal_i2c.o
 .bss           0x0000000000000000        0x0 Drivers/STM32F1xx_HAL_Driver/Src/stm32f1xx_hal_i2c.o
 .text.I2C_RequestMemoryWrite
                0x0000000000000000       0xa4 Drivers/STM32F1xx_HAL_Driver/Src/stm32f1xx_hal_i2c.o
 .text.I2C_RequestMemoryRead
                0x0000000000000000       0xf4 Drivers/STM32F1xx_HAL_Driver/Src/stm32f1xx_hal_i2c.o
 .text.I2C_WaitOnRXNEFlagUntilTimeout
                0x0000000000000000       0x5a Drivers/STM32F1xx_HAL_Driver/Src/stm32f1xx_hal_i2c.o
 .text.HAL_I2C_MspInit
                0x0000000000000000        0x2 Drivers/STM32F1xx_HAL_Driver/Src/stm32f1xx_hal_i2c.o
 .text.HAL_I2C_MspDeInit
                0x0000000000000000        0x2 Drivers/STM32F1xx_HAL_Driver/Src/stm32f1xx_hal_i2c.o
 .text.HAL_I2C_DeInit
                0x0000000000000000       0x58 Drivers/STM32F1xx_HAL_Driver/Src/stm32f1xx_hal_i2c.o
 .text.HAL_I2C_Master_Receive
                0x0000000000000000      0x304 Drivers/STM32F1xx_HAL_Driver/Src/stm32f1xx_hal_i2c.o
 .text.HAL_I2C_Slave_Transmit
                0x0000000000000000      0x15c Drivers/STM32F1xx_HAL_Driver/Src/stm32f1xx_hal_i2c.o
 .text.HAL_I2C_Slave_Receive
                0x0000000000000000      0x180 Drivers/STM32F1xx_HAL_Driver/Src/stm32f1xx_hal_i2c.o
 .text.HAL_I2C_Master_Transmit_IT
                0x0000000000000000       0xa8 Drivers/STM32F1xx_HAL_Driver/Src/stm32f1xx_hal_i2c.o
 .text.HAL_I2C_Master_Receive_IT
                0x0000000000000000       0xb0 Drivers/STM32F1xx_HAL_Driver/Src/stm32f1xx_hal_i2c.o
 .text.HAL_I2C_Master_Sequential_Transmit_IT
                0x0000000000000000       0xec Drivers/STM32F1xx_HAL_Driver/Src/stm32f1xx_hal_i2c.o
 .text.HAL_I2C_Master_Sequential_Receive_IT
                0x0000000000000000       0xf0 Drivers/STM32F1xx_HAL_Driver/Src/stm32f1xx_hal_i2c.o
 .text.HAL_I2C_Slave_Transmit_IT
                0x0000000000000000       0xb4 Drivers/STM32F1xx_HAL_Driver/Src/stm32f1xx_hal_i2c.o
 .text.HAL_I2C_Slave_Receive_IT
                0x0000000000000000       0xb0 Drivers/STM32F1xx_HAL_Driver/Src/stm32f1xx_hal_i2c.o
 .text.HAL_I2C_Slave_Sequential_Transmit_IT
                0x0000000000000000       0x9c Drivers/STM32F1xx_HAL_Driver/Src/stm32f1xx_hal_i2c.o
 .text.HAL_I2C_Slave_Sequential_Receive_IT
                0x0000000000000000       0x9c Drivers/STM32F1xx_HAL_Driver/Src/stm32f1xx_hal_i2c.o
 .text.HAL_I2C_EnableListen_IT
                0x0000000000000000       0x36 Drivers/STM32F1xx_HAL_Driver/Src/stm32f1xx_hal_i2c.o
 .text.HAL_I2C_DisableListen_IT
                0x0000000000000000       0x3e Drivers/STM32F1xx_HAL_Driver/Src/stm32f1xx_hal_i2c.o
 .text.HAL_I2C_Master_Transmit_DMA
                0x0000000000000000      0x100 Drivers/STM32F1xx_HAL_Driver/Src/stm32f1xx_hal_i2c.o
 .text.HAL_I2C_Master_Receive_DMA
                0x0000000000000000      0x100 Drivers/STM32F1xx_HAL_Driver/Src/stm32f1xx_hal_i2c.o
 .text.HAL_I2C_Slave_Transmit_DMA
                0x0000000000000000       0xe4 Drivers/STM32F1xx_HAL_Driver/Src/stm32f1xx_hal_i2c.o
 .text.HAL_I2C_Slave_Receive_DMA
                0x0000000000000000       0xe4 Drivers/STM32F1xx_HAL_Driver/Src/stm32f1xx_hal_i2c.o
 .text.HAL_I2C_Mem_Write
                0x0000000000000000      0x148 Drivers/STM32F1xx_HAL_Driver/Src/stm32f1xx_hal_i2c.o
 .text.HAL_I2C_Mem_Read
                0x0000000000000000      0x258 Drivers/STM32F1xx_HAL_Driver/Src/stm32f1xx_hal_i2c.o
 .text.HAL_I2C_Mem_Write_IT
                0x0000000000000000       0xd8 Drivers/STM32F1xx_HAL_Driver/Src/stm32f1xx_hal_i2c.o
 .text.HAL_I2C_Mem_Read_IT
                0x0000000000000000       0xe4 Drivers/STM32F1xx_HAL_Driver/Src/stm32f1xx_hal_i2c.o
 .text.HAL_I2C_Mem_Write_DMA
                0x0000000000000000      0x130 Drivers/STM32F1xx_HAL_Driver/Src/stm32f1xx_hal_i2c.o
 .text.HAL_I2C_Mem_Read_DMA
                0x0000000000000000      0x190 Drivers/STM32F1xx_HAL_Driver/Src/stm32f1xx_hal_i2c.o
 .text.HAL_I2C_MasterTxCpltCallback
                0x0000000000000000        0x2 Drivers/STM32F1xx_HAL_Driver/Src/stm32f1xx_hal_i2c.o
 .text.HAL_I2C_MasterRxCpltCallback
                0x0000000000000000        0x2 Drivers/STM32F1xx_HAL_Driver/Src/stm32f1xx_hal_i2c.o
 .text.HAL_I2C_SlaveTxCpltCallback
                0x0000000000000000        0x2 Drivers/STM32F1xx_HAL_Driver/Src/stm32f1xx_hal_i2c.o
 .text.HAL_I2C_SlaveRxCpltCallback
                0x0000000000000000        0x2 Drivers/STM32F1xx_HAL_Driver/Src/stm32f1xx_hal_i2c.o
 .text.HAL_I2C_AddrCallback
                0x0000000000000000        0x2 Drivers/STM32F1xx_HAL_Driver/Src/stm32f1xx_hal_i2c.o
 .text.HAL_I2C_ListenCpltCallback
                0x0000000000000000        0x2 Drivers/STM32F1xx_HAL_Driver/Src/stm32f1xx_hal_i2c.o
 .text.HAL_I2C_MemTxCpltCallback
                0x0000000000000000        0x2 Drivers/STM32F1xx_HAL_Driver/Src/stm32f1xx_hal_i2c.o
 .text.HAL_I2C_MemRxCpltCallback
                0x0000000000000000        0x2 Drivers/STM32F1xx_HAL_Driver/Src/stm32f1xx_hal_i2c.o
 .text.HAL_I2C_ErrorCallback
                0x0000000000000000        0x2 Drivers/STM32F1xx_HAL_Driver/Src/stm32f1xx_hal_i2c.o
 .text.I2C_DMAError
                0x0000000000000000       0x2a Drivers/STM32F1xx_HAL_Driver/Src/stm32f1xx_hal_i2c.o
 .text.I2C_DMAXferCplt
                0x0000000000000000       0x80 Drivers/STM32F1xx_HAL_Driver/Src/stm32f1xx_hal_i2c.o
 .text.HAL_I2C_AbortCpltCallback
                0x0000000000000000        0x2 Drivers/STM32F1xx_HAL_Driver/Src/stm32f1xx_hal_i2c.o
 .text.I2C_ITError
                0x0000000000000000      0x128 Drivers/STM32F1xx_HAL_Driver/Src/stm32f1xx_hal_i2c.o
 .text.HAL_I2C_Master_Abort_IT
                0x0000000000000000       0x4c Drivers/STM32F1xx_HAL_Driver/Src/stm32f1xx_hal_i2c.o
 .text.HAL_I2C_EV_IRQHandler
                0x0000000000000000      0x6d4 Drivers/STM32F1xx_HAL_Driver/Src/stm32f1xx_hal_i2c.o
 .text.HAL_I2C_ER_IRQHandler
                0x0000000000000000      0x13c Drivers/STM32F1xx_HAL_Driver/Src/stm32f1xx_hal_i2c.o
 .text.I2C_DMAAbort
                0x0000000000000000       0x4c Drivers/STM32F1xx_HAL_Driver/Src/stm32f1xx_hal_i2c.o
 .text.HAL_I2C_GetState
                0x0000000000000000        0x6 Drivers/STM32F1xx_HAL_Driver/Src/stm32f1xx_hal_i2c.o
 .text.HAL_I2C_GetMode
                0x0000000000000000        0x6 Drivers/STM32F1xx_HAL_Driver/Src/stm32f1xx_hal_i2c.o
 .text.HAL_I2C_GetError
                0x0000000000000000        0x4 Drivers/STM32F1xx_HAL_Driver/Src/stm32f1xx_hal_i2c.o
 .text          0x0000000000000000        0x0 Drivers/STM32F1xx_HAL_Driver/Src/stm32f1xx_hal_pwr.o
 .data          0x0000000000000000        0x0 Drivers/STM32F1xx_HAL_Driver/Src/stm32f1xx_hal_pwr.o
 .bss           0x0000000000000000        0x0 Drivers/STM32F1xx_HAL_Driver/Src/stm32f1xx_hal_pwr.o
 .text.PWR_OverloadWfe
                0x0000000000000000        0x6 Drivers/STM32F1xx_HAL_Driver/Src/stm32f1xx_hal_pwr.o
 .text.HAL_PWR_DeInit
                0x0000000000000000       0x18 Drivers/STM32F1xx_HAL_Driver/Src/stm32f1xx_hal_pwr.o
 .text.HAL_PWR_EnableBkUpAccess
                0x0000000000000000        0xc Drivers/STM32F1xx_HAL_Driver/Src/stm32f1xx_hal_pwr.o
 .text.HAL_PWR_DisableBkUpAccess
                0x0000000000000000        0xc Drivers/STM32F1xx_HAL_Driver/Src/stm32f1xx_hal_pwr.o
 .text.HAL_PWR_ConfigPVD
                0x0000000000000000       0xac Drivers/STM32F1xx_HAL_Driver/Src/stm32f1xx_hal_pwr.o
 .text.HAL_PWR_EnablePVD
                0x0000000000000000        0xc Drivers/STM32F1xx_HAL_Driver/Src/stm32f1xx_hal_pwr.o
 .text.HAL_PWR_DisablePVD
                0x0000000000000000        0xc Drivers/STM32F1xx_HAL_Driver/Src/stm32f1xx_hal_pwr.o
 .text.HAL_PWR_EnableWakeUpPin
                0x0000000000000000       0x30 Drivers/STM32F1xx_HAL_Driver/Src/stm32f1xx_hal_pwr.o
 .text.HAL_PWR_DisableWakeUpPin
                0x0000000000000000       0x30 Drivers/STM32F1xx_HAL_Driver/Src/stm32f1xx_hal_pwr.o
 .text.HAL_PWR_EnterSLEEPMode
                0x0000000000000000       0x38 Drivers/STM32F1xx_HAL_Driver/Src/stm32f1xx_hal_pwr.o
 .text.HAL_PWR_EnterSTOPMode
                0x0000000000000000       0x6c Drivers/STM32F1xx_HAL_Driver/Src/stm32f1xx_hal_pwr.o
 .text.HAL_PWR_EnterSTANDBYMode
                0x0000000000000000       0x20 Drivers/STM32F1xx_HAL_Driver/Src/stm32f1xx_hal_pwr.o
 .text.HAL_PWR_EnableSleepOnExit
                0x0000000000000000       0x10 Drivers/STM32F1xx_HAL_Driver/Src/stm32f1xx_hal_pwr.o
 .text.HAL_PWR_DisableSleepOnExit
                0x0000000000000000       0x10 Drivers/STM32F1xx_HAL_Driver/Src/stm32f1xx_hal_pwr.o
 .text.HAL_PWR_EnableSEVOnPend
                0x0000000000000000       0x10 Drivers/STM32F1xx_HAL_Driver/Src/stm32f1xx_hal_pwr.o
 .text.HAL_PWR_DisableSEVOnPend
                0x0000000000000000       0x10 Drivers/STM32F1xx_HAL_Driver/Src/stm32f1xx_hal_pwr.o
 .text.HAL_PWR_PVDCallback
                0x0000000000000000        0x2 Drivers/STM32F1xx_HAL_Driver/Src/stm32f1xx_hal_pwr.o
 .text.HAL_PWR_PVD_IRQHandler
                0x0000000000000000       0x1c Drivers/STM32F1xx_HAL_Driver/Src/stm32f1xx_hal_pwr.o
 .rodata.HAL_PWR_ConfigPVD.str1.1
                0x0000000000000000       0x38 Drivers/STM32F1xx_HAL_Driver/Src/stm32f1xx_hal_pwr.o
 .debug_info    0x0000000000000000     0x1076 Drivers/STM32F1xx_HAL_Driver/Src/stm32f1xx_hal_pwr.o
 .debug_abbrev  0x0000000000000000      0x2b2 Drivers/STM32F1xx_HAL_Driver/Src/stm32f1xx_hal_pwr.o
 .debug_loc     0x0000000000000000      0x12b Drivers/STM32F1xx_HAL_Driver/Src/stm32f1xx_hal_pwr.o
 .debug_aranges
                0x0000000000000000       0xa8 Drivers/STM32F1xx_HAL_Driver/Src/stm32f1xx_hal_pwr.o
 .debug_ranges  0x0000000000000000       0x98 Drivers/STM32F1xx_HAL_Driver/Src/stm32f1xx_hal_pwr.o
 .debug_line    0x0000000000000000      0x444 Drivers/STM32F1xx_HAL_Driver/Src/stm32f1xx_hal_pwr.o
 .debug_str     0x0000000000000000      0x9a1 Drivers/STM32F1xx_HAL_Driver/Src/stm32f1xx_hal_pwr.o
 .comment       0x0000000000000000       0x7d Drivers/STM32F1xx_HAL_Driver/Src/stm32f1xx_hal_pwr.o
 .debug_frame   0x0000000000000000      0x164 Drivers/STM32F1xx_HAL_Driver/Src/stm32f1xx_hal_pwr.o
 .ARM.attributes
                0x0000000000000000       0x33 Drivers/STM32F1xx_HAL_Driver/Src/stm32f1xx_hal_pwr.o
 .text          0x0000000000000000        0x0 Drivers/STM32F1xx_HAL_Driver/Src/stm32f1xx_hal_rcc.o
 .data          0x0000000000000000        0x0 Drivers/STM32F1xx_HAL_Driver/Src/stm32f1xx_hal_rcc.o
 .bss           0x0000000000000000        0x0 Drivers/STM32F1xx_HAL_Driver/Src/stm32f1xx_hal_rcc.o
 .text.HAL_RCC_DeInit
                0x0000000000000000       0xd0 Drivers/STM32F1xx_HAL_Driver/Src/stm32f1xx_hal_rcc.o
 .text.HAL_RCC_MCOConfig
                0x0000000000000000       0x94 Drivers/STM32F1xx_HAL_Driver/Src/stm32f1xx_hal_rcc.o
 .text.HAL_RCC_EnableCSS
                0x0000000000000000        0xc Drivers/STM32F1xx_HAL_Driver/Src/stm32f1xx_hal_rcc.o
 .text.HAL_RCC_DisableCSS
                0x0000000000000000        0xc Drivers/STM32F1xx_HAL_Driver/Src/stm32f1xx_hal_rcc.o
 .text.HAL_RCC_GetHCLKFreq
                0x0000000000000000        0xc Drivers/STM32F1xx_HAL_Driver/Src/stm32f1xx_hal_rcc.o
 .text.HAL_RCC_GetOscConfig
                0x0000000000000000       0x94 Drivers/STM32F1xx_HAL_Driver/Src/stm32f1xx_hal_rcc.o
 .text.HAL_RCC_GetClockConfig
                0x0000000000000000       0x60 Drivers/STM32F1xx_HAL_Driver/Src/stm32f1xx_hal_rcc.o
 .text.HAL_RCC_CSSCallback
                0x0000000000000000        0x2 Drivers/STM32F1xx_HAL_Driver/Src/stm32f1xx_hal_rcc.o
 .text.HAL_RCC_NMI_IRQHandler
                0x0000000000000000       0x20 Drivers/STM32F1xx_HAL_Driver/Src/stm32f1xx_hal_rcc.o
 .text          0x0000000000000000        0x0 Drivers/STM32F1xx_HAL_Driver/Src/stm32f1xx_hal_rcc_ex.o
 .data          0x0000000000000000        0x0 Drivers/STM32F1xx_HAL_Driver/Src/stm32f1xx_hal_rcc_ex.o
 .bss           0x0000000000000000        0x0 Drivers/STM32F1xx_HAL_Driver/Src/stm32f1xx_hal_rcc_ex.o
 .text.HAL_RCCEx_PeriphCLKConfig
                0x0000000000000000      0x138 Drivers/STM32F1xx_HAL_Driver/Src/stm32f1xx_hal_rcc_ex.o
 .text.HAL_RCCEx_GetPeriphCLKConfig
                0x0000000000000000       0x24 Drivers/STM32F1xx_HAL_Driver/Src/stm32f1xx_hal_rcc_ex.o
 .text.HAL_RCCEx_GetPeriphCLKFreq
                0x0000000000000000      0x100 Drivers/STM32F1xx_HAL_Driver/Src/stm32f1xx_hal_rcc_ex.o
 .rodata        0x0000000000000000       0x10 Drivers/STM32F1xx_HAL_Driver/Src/stm32f1xx_hal_rcc_ex.o
 .rodata.HAL_RCCEx_PeriphCLKConfig.str1.1
                0x0000000000000000       0x3b Drivers/STM32F1xx_HAL_Driver/Src/stm32f1xx_hal_rcc_ex.o
 .debug_info    0x0000000000000000      0xd3c Drivers/STM32F1xx_HAL_Driver/Src/stm32f1xx_hal_rcc_ex.o
 .debug_abbrev  0x0000000000000000      0x29d Drivers/STM32F1xx_HAL_Driver/Src/stm32f1xx_hal_rcc_ex.o
 .debug_loc     0x0000000000000000      0x287 Drivers/STM32F1xx_HAL_Driver/Src/stm32f1xx_hal_rcc_ex.o
 .debug_aranges
                0x0000000000000000       0x30 Drivers/STM32F1xx_HAL_Driver/Src/stm32f1xx_hal_rcc_ex.o
 .debug_ranges  0x0000000000000000       0x40 Drivers/STM32F1xx_HAL_Driver/Src/stm32f1xx_hal_rcc_ex.o
 .debug_line    0x0000000000000000      0x389 Drivers/STM32F1xx_HAL_Driver/Src/stm32f1xx_hal_rcc_ex.o
 .debug_str     0x0000000000000000      0x8c7 Drivers/STM32F1xx_HAL_Driver/Src/stm32f1xx_hal_rcc_ex.o
 .comment       0x0000000000000000       0x7d Drivers/STM32F1xx_HAL_Driver/Src/stm32f1xx_hal_rcc_ex.o
 .debug_frame   0x0000000000000000       0x6c Drivers/STM32F1xx_HAL_Driver/Src/stm32f1xx_hal_rcc_ex.o
 .ARM.attributes
                0x0000000000000000       0x33 Drivers/STM32F1xx_HAL_Driver/Src/stm32f1xx_hal_rcc_ex.o
 .text          0x0000000000000000        0x0 Drivers/STM32F1xx_HAL_Driver/Src/stm32f1xx_hal_tim.o
 .data          0x0000000000000000        0x0 Drivers/STM32F1xx_HAL_Driver/Src/stm32f1xx_hal_tim.o
 .bss           0x0000000000000000        0x0 Drivers/STM32F1xx_HAL_Driver/Src/stm32f1xx_hal_tim.o
 .debug_info    0x0000000000000000      0x96d Drivers/STM32F1xx_HAL_Driver/Src/stm32f1xx_hal_tim.o
 .debug_abbrev  0x0000000000000000      0x174 Drivers/STM32F1xx_HAL_Driver/Src/stm32f1xx_hal_tim.o
 .debug_aranges
                0x0000000000000000       0x18 Drivers/STM32F1xx_HAL_Driver/Src/stm32f1xx_hal_tim.o
 .debug_line    0x0000000000000000      0x1bc Drivers/STM32F1xx_HAL_Driver/Src/stm32f1xx_hal_tim.o
 .debug_str     0x0000000000000000      0x6af Drivers/STM32F1xx_HAL_Driver/Src/stm32f1xx_hal_tim.o
 .comment       0x0000000000000000       0x7d Drivers/STM32F1xx_HAL_Driver/Src/stm32f1xx_hal_tim.o
 .ARM.attributes
                0x0000000000000000       0x33 Drivers/STM32F1xx_HAL_Driver/Src/stm32f1xx_hal_tim.o
 .text          0x0000000000000000        0x0 Drivers/STM32F1xx_HAL_Driver/Src/stm32f1xx_hal_tim_ex.o
 .data          0x0000000000000000        0x0 Drivers/STM32F1xx_HAL_Driver/Src/stm32f1xx_hal_tim_ex.o
 .bss           0x0000000000000000        0x0 Drivers/STM32F1xx_HAL_Driver/Src/stm32f1xx_hal_tim_ex.o
 .debug_info    0x0000000000000000      0x96d Drivers/STM32F1xx_HAL_Driver/Src/stm32f1xx_hal_tim_ex.o
 .debug_abbrev  0x0000000000000000      0x174 Drivers/STM32F1xx_HAL_Driver/Src/stm32f1xx_hal_tim_ex.o
 .debug_aranges
                0x0000000000000000       0x18 Drivers/STM32F1xx_HAL_Driver/Src/stm32f1xx_hal_tim_ex.o
 .debug_line    0x0000000000000000      0x1bc Drivers/STM32F1xx_HAL_Driver/Src/stm32f1xx_hal_tim_ex.o
 .debug_str     0x0000000000000000      0x6b2 Drivers/STM32F1xx_HAL_Driver/Src/stm32f1xx_hal_tim_ex.o
 .comment       0x0000000000000000       0x7d Drivers/STM32F1xx_HAL_Driver/Src/stm32f1xx_hal_tim_ex.o
 .ARM.attributes
                0x0000000000000000       0x33 Drivers/STM32F1xx_HAL_Driver/Src/stm32f1xx_hal_tim_ex.o
 .text          0x0000000000000000        0x0 Drivers/STM32F1xx_HAL_Driver/Src/stm32f1xx_hal_uart.o
 .data          0x0000000000000000        0x0 Drivers/STM32F1xx_HAL_Driver/Src/stm32f1xx_hal_uart.o
 .bss           0x0000000000000000        0x0 Drivers/STM32F1xx_HAL_Driver/Src/stm32f1xx_hal_uart.o
 .text.UART_EndRxTransfer
                0x0000000000000000       0x1a Drivers/STM32F1xx_HAL_Driver/Src/stm32f1xx_hal_uart.o
 .text.HAL_UART_MspInit
                0x0000000000000000        0x2 Drivers/STM32F1xx_HAL_Driver/Src/stm32f1xx_hal_uart.o
 .text.HAL_HalfDuplex_Init
                0x0000000000000000       0xa4 Drivers/STM32F1xx_HAL_Driver/Src/stm32f1xx_hal_uart.o
 .text.HAL_LIN_Init
                0x0000000000000000       0xbc Drivers/STM32F1xx_HAL_Driver/Src/stm32f1xx_hal_uart.o
 .text.HAL_MultiProcessor_Init
                0x0000000000000000       0xd4 Drivers/STM32F1xx_HAL_Driver/Src/stm32f1xx_hal_uart.o
 .text.HAL_UART_MspDeInit
                0x0000000000000000        0x2 Drivers/STM32F1xx_HAL_Driver/Src/stm32f1xx_hal_uart.o
 .text.HAL_UART_DeInit
                0x0000000000000000       0x54 Drivers/STM32F1xx_HAL_Driver/Src/stm32f1xx_hal_uart.o
 .text.HAL_UART_Transmit_IT
                0x0000000000000000       0x3e Drivers/STM32F1xx_HAL_Driver/Src/stm32f1xx_hal_uart.o
 .text.HAL_UART_Receive_IT
                0x0000000000000000       0x4e Drivers/STM32F1xx_HAL_Driver/Src/stm32f1xx_hal_uart.o
 .text.HAL_UART_Transmit_DMA
                0x0000000000000000       0x74 Drivers/STM32F1xx_HAL_Driver/Src/stm32f1xx_hal_uart.o
 .text.HAL_UART_Receive_DMA
                0x0000000000000000       0x90 Drivers/STM32F1xx_HAL_Driver/Src/stm32f1xx_hal_uart.o
 .text.HAL_UART_DMAPause
                0x0000000000000000       0x5a Drivers/STM32F1xx_HAL_Driver/Src/stm32f1xx_hal_uart.o
 .text.HAL_UART_DMAResume
                0x0000000000000000       0x62 Drivers/STM32F1xx_HAL_Driver/Src/stm32f1xx_hal_uart.o
 .text.HAL_UART_DMAStop
                0x0000000000000000       0x5e Drivers/STM32F1xx_HAL_Driver/Src/stm32f1xx_hal_uart.o
 .text.HAL_UART_Abort
                0x0000000000000000       0x60 Drivers/STM32F1xx_HAL_Driver/Src/stm32f1xx_hal_uart.o
 .text.HAL_UART_AbortTransmit
                0x0000000000000000       0x34 Drivers/STM32F1xx_HAL_Driver/Src/stm32f1xx_hal_uart.o
 .text.HAL_UART_AbortReceive
                0x0000000000000000       0x3c Drivers/STM32F1xx_HAL_Driver/Src/stm32f1xx_hal_uart.o
 .text.HAL_UART_TxCpltCallback
                0x0000000000000000        0x2 Drivers/STM32F1xx_HAL_Driver/Src/stm32f1xx_hal_uart.o
 .text.UART_DMATransmitCplt
                0x0000000000000000       0x2c Drivers/STM32F1xx_HAL_Driver/Src/stm32f1xx_hal_uart.o
 .text.HAL_UART_TxHalfCpltCallback
                0x0000000000000000        0x2 Drivers/STM32F1xx_HAL_Driver/Src/stm32f1xx_hal_uart.o
 .text.UART_DMATxHalfCplt
                0x0000000000000000        0xa Drivers/STM32F1xx_HAL_Driver/Src/stm32f1xx_hal_uart.o
 .text.HAL_UART_RxCpltCallback
                0x0000000000000000        0x2 Drivers/STM32F1xx_HAL_Driver/Src/stm32f1xx_hal_uart.o
 .text.UART_DMAReceiveCplt
                0x0000000000000000       0x38 Drivers/STM32F1xx_HAL_Driver/Src/stm32f1xx_hal_uart.o
 .text.UART_Receive_IT
                0x0000000000000000       0x7c Drivers/STM32F1xx_HAL_Driver/Src/stm32f1xx_hal_uart.o
 .text.HAL_UART_RxHalfCpltCallback
                0x0000000000000000        0x2 Drivers/STM32F1xx_HAL_Driver/Src/stm32f1xx_hal_uart.o
 .text.UART_DMARxHalfCplt
                0x0000000000000000        0xa Drivers/STM32F1xx_HAL_Driver/Src/stm32f1xx_hal_uart.o
 .text.HAL_UART_ErrorCallback
                0x0000000000000000        0x2 Drivers/STM32F1xx_HAL_Driver/Src/stm32f1xx_hal_uart.o
 .text.UART_DMAError
                0x0000000000000000       0x4e Drivers/STM32F1xx_HAL_Driver/Src/stm32f1xx_hal_uart.o
 .text.HAL_UART_IRQHandler
                0x0000000000000000      0x140 Drivers/STM32F1xx_HAL_Driver/Src/stm32f1xx_hal_uart.o
 .text.UART_DMAAbortOnError
                0x0000000000000000       0x10 Drivers/STM32F1xx_HAL_Driver/Src/stm32f1xx_hal_uart.o
 .text.HAL_UART_AbortCpltCallback
                0x0000000000000000        0x2 Drivers/STM32F1xx_HAL_Driver/Src/stm32f1xx_hal_uart.o
 .text.HAL_UART_Abort_IT
                0x0000000000000000       0xa8 Drivers/STM32F1xx_HAL_Driver/Src/stm32f1xx_hal_uart.o
 .text.UART_DMARxAbortCallback
                0x0000000000000000       0x28 Drivers/STM32F1xx_HAL_Driver/Src/stm32f1xx_hal_uart.o
 .text.UART_DMATxAbortCallback
                0x0000000000000000       0x28 Drivers/STM32F1xx_HAL_Driver/Src/stm32f1xx_hal_uart.o
 .text.HAL_UART_AbortTransmitCpltCallback
                0x0000000000000000        0x2 Drivers/STM32F1xx_HAL_Driver/Src/stm32f1xx_hal_uart.o
 .text.HAL_UART_AbortTransmit_IT
                0x0000000000000000       0x50 Drivers/STM32F1xx_HAL_Driver/Src/stm32f1xx_hal_uart.o
 .text.UART_DMATxOnlyAbortCallback
                0x0000000000000000       0x14 Drivers/STM32F1xx_HAL_Driver/Src/stm32f1xx_hal_uart.o
 .text.HAL_UART_AbortReceiveCpltCallback
                0x0000000000000000        0x2 Drivers/STM32F1xx_HAL_Driver/Src/stm32f1xx_hal_uart.o
 .text.HAL_UART_AbortReceive_IT
                0x0000000000000000       0x58 Drivers/STM32F1xx_HAL_Driver/Src/stm32f1xx_hal_uart.o
 .text.UART_DMARxOnlyAbortCallback
                0x0000000000000000       0x14 Drivers/STM32F1xx_HAL_Driver/Src/stm32f1xx_hal_uart.o
 .text.HAL_LIN_SendBreak
                0x0000000000000000       0x58 Drivers/STM32F1xx_HAL_Driver/Src/stm32f1xx_hal_uart.o
 .text.HAL_MultiProcessor_EnterMuteMode
                0x0000000000000000       0x58 Drivers/STM32F1xx_HAL_Driver/Src/stm32f1xx_hal_uart.o
 .text.HAL_MultiProcessor_ExitMuteMode
                0x0000000000000000       0x58 Drivers/STM32F1xx_HAL_Driver/Src/stm32f1xx_hal_uart.o
 .text.HAL_HalfDuplex_EnableTransmitter
                0x0000000000000000       0x30 Drivers/STM32F1xx_HAL_Driver/Src/stm32f1xx_hal_uart.o
 .text.HAL_HalfDuplex_EnableReceiver
                0x0000000000000000       0x30 Drivers/STM32F1xx_HAL_Driver/Src/stm32f1xx_hal_uart.o
 .text.HAL_UART_GetState
                0x0000000000000000        0xc Drivers/STM32F1xx_HAL_Driver/Src/stm32f1xx_hal_uart.o
 .text.HAL_UART_GetError
                0x0000000000000000        0x4 Drivers/STM32F1xx_HAL_Driver/Src/stm32f1xx_hal_uart.o
 .text          0x0000000000000000        0x0 Src/bluetooth_controller.o
 .data          0x0000000000000000        0x0 Src/bluetooth_controller.o
 .bss           0x0000000000000000        0x0 Src/bluetooth_controller.o
 .text.confirm_connection
                0x0000000000000000       0x3c Src/bluetooth_controller.o
 .text.confirm_master_connected
                0x0000000000000000        0x2 Src/bluetooth_controller.o
 .text.transmit_camera_image
                0x0000000000000000        0x2 Src/bluetooth_controller.o
 .text.turn_off_device
                0x0000000000000000        0x2 Src/bluetooth_controller.o
 .text.take_photo
                0x0000000000000000        0x2 Src/bluetooth_controller.o
 .text.send_error_message
                0x0000000000000000        0x2 Src/bluetooth_controller.o
 .rodata        0x0000000000000000       0x3a Src/bluetooth_controller.o
 .data.message  0x0000000000000000       0x1a Src/bluetooth_controller.o
 .text          0x0000000000000000        0x0 Src/fonts.o
 .data          0x0000000000000000        0x0 Src/fonts.o
 .bss           0x0000000000000000        0x0 Src/fonts.o
 .text.FONTS_GetStringSize
                0x0000000000000000       0x1a Src/fonts.o
 .data.Font_16x26
                0x0000000000000000        0x8 Src/fonts.o
 .data.Font_7x10
                0x0000000000000000        0x8 Src/fonts.o
 .rodata.Font16x26
                0x0000000000000000     0x134c Src/fonts.o
 .rodata.Font7x10
                0x0000000000000000      0x76c Src/fonts.o
 .text          0x0000000000000000        0x0 Src/gpio.o
 .data          0x0000000000000000        0x0 Src/gpio.o
 .bss           0x0000000000000000        0x0 Src/gpio.o
 .text          0x0000000000000000        0x0 Src/i2c.o
 .data          0x0000000000000000        0x0 Src/i2c.o
 .bss           0x0000000000000000        0x0 Src/i2c.o
 .text.HAL_I2C_MspDeInit
                0x0000000000000000       0x28 Src/i2c.o
 .text          0x0000000000000000        0x0 Src/main.o
 .data          0x0000000000000000        0x0 Src/main.o
 .bss           0x0000000000000000        0x0 Src/main.o
 .rodata.logo   0x0000000000000000      0x400 Src/main.o
 .text          0x0000000000000000        0x0 Src/ssd1306.o
 .data          0x0000000000000000        0x0 Src/ssd1306.o
 .bss           0x0000000000000000        0x0 Src/ssd1306.o
 .text.SSD1306_ToggleInvert
                0x0000000000000000       0x28 Src/ssd1306.o
 .text.SSD1306_DrawBitmap
                0x0000000000000000       0x80 Src/ssd1306.o
 .text.SSD1306_DrawLine
                0x0000000000000000      0x12a Src/ssd1306.o
 .text.SSD1306_DrawRectangle
                0x0000000000000000       0x82 Src/ssd1306.o
 .text.SSD1306_DrawFilledRectangle
                0x0000000000000000       0x62 Src/ssd1306.o
 .text.SSD1306_DrawTriangle
                0x0000000000000000       0x40 Src/ssd1306.o
 .text.SSD1306_DrawFilledTriangle
                0x0000000000000000       0xd4 Src/ssd1306.o
 .text.SSD1306_DrawCircle
                0x0000000000000000      0x140 Src/ssd1306.o
 .text.SSD1306_DrawFilledCircle
                0x0000000000000000      0x122 Src/ssd1306.o
 .text.ssd1306_I2C_Init
                0x0000000000000000        0x2 Src/ssd1306.o
 .text.SSD1306_ScrollRight
                0x0000000000000000       0x5a Src/ssd1306.o
 .text.SSD1306_ScrollLeft
                0x0000000000000000       0x5a Src/ssd1306.o
 .text.SSD1306_Scrolldiagright
                0x0000000000000000       0x6e Src/ssd1306.o
 .text.SSD1306_Scrolldiagleft
                0x0000000000000000       0x6e Src/ssd1306.o
 .text.SSD1306_Stopscroll
                0x0000000000000000        0xa Src/ssd1306.o
 .text.SSD1306_InvertDisplay
                0x0000000000000000       0x12 Src/ssd1306.o
 .text.SSD1306_Clear
                0x0000000000000000       0x10 Src/ssd1306.o
 .text.SSD1306_ON
                0x0000000000000000       0x24 Src/ssd1306.o
 .text.SSD1306_OFF
                0x0000000000000000       0x24 Src/ssd1306.o
 .text          0x0000000000000000        0x0 Src/stm32f1xx_hal_msp.o
 .data          0x0000000000000000        0x0 Src/stm32f1xx_hal_msp.o
 .bss           0x0000000000000000        0x0 Src/stm32f1xx_hal_msp.o
 .text          0x0000000000000000        0x0 Src/stm32f1xx_it.o
 .data          0x0000000000000000        0x0 Src/stm32f1xx_it.o
 .bss           0x0000000000000000        0x0 Src/stm32f1xx_it.o
 .text          0x0000000000000000        0x0 Src/syscalls.o
 .data          0x0000000000000000        0x0 Src/syscalls.o
 .bss           0x0000000000000000        0x0 Src/syscalls.o
 .text.initialise_monitor_handles
                0x0000000000000000        0x2 Src/syscalls.o
 .text._getpid  0x0000000000000000        0x4 Src/syscalls.o
 .text._kill    0x0000000000000000       0x10 Src/syscalls.o
 .text._exit    0x0000000000000000        0xc Src/syscalls.o
 .text._read    0x0000000000000000       0x1c Src/syscalls.o
 .text._write   0x0000000000000000       0x1c Src/syscalls.o
 .text._sbrk    0x0000000000000000       0x34 Src/syscalls.o
 .text._close   0x0000000000000000        0x6 Src/syscalls.o
 .text._fstat   0x0000000000000000        0xa Src/syscalls.o
 .text._isatty  0x0000000000000000        0x4 Src/syscalls.o
 .text._lseek   0x0000000000000000        0x4 Src/syscalls.o
 .text._open    0x0000000000000000        0xa Src/syscalls.o
 .text._wait    0x0000000000000000       0x10 Src/syscalls.o
 .text._unlink  0x0000000000000000       0x10 Src/syscalls.o
 .text._times   0x0000000000000000        0x6 Src/syscalls.o
 .text._stat    0x0000000000000000        0xa Src/syscalls.o
 .text._link    0x0000000000000000       0x10 Src/syscalls.o
 .text._fork    0x0000000000000000       0x10 Src/syscalls.o
 .text._execve  0x0000000000000000       0x10 Src/syscalls.o
 .bss.__env     0x0000000000000000        0x4 Src/syscalls.o
 .bss.heap_end.5887
                0x0000000000000000        0x4 Src/syscalls.o
 .data.environ  0x0000000000000000        0x4 Src/syscalls.o
 .debug_info    0x0000000000000000      0xfe1 Src/syscalls.o
 .debug_abbrev  0x0000000000000000      0x2d9 Src/syscalls.o
 .debug_loc     0x0000000000000000      0x3ef Src/syscalls.o
 .debug_aranges
                0x0000000000000000       0xb0 Src/syscalls.o
 .debug_ranges  0x0000000000000000       0xa0 Src/syscalls.o
 .debug_line    0x0000000000000000      0x318 Src/syscalls.o
 .debug_str     0x0000000000000000      0x852 Src/syscalls.o
 .comment       0x0000000000000000       0x7d Src/syscalls.o
 .debug_frame   0x0000000000000000      0x1a8 Src/syscalls.o
 .ARM.attributes
                0x0000000000000000       0x33 Src/syscalls.o
 .text          0x0000000000000000        0x0 Src/system_stm32f1xx.o
 .data          0x0000000000000000        0x0 Src/system_stm32f1xx.o
 .bss           0x0000000000000000        0x0 Src/system_stm32f1xx.o
 .text.SystemCoreClockUpdate
                0x0000000000000000       0x5c Src/system_stm32f1xx.o
 .text          0x0000000000000000        0x0 Src/test.o
 .data          0x0000000000000000        0x0 Src/test.o
 .bss           0x0000000000000000        0x0 Src/test.o
 .text.TestLines
                0x0000000000000000      0x13a Src/test.o
 .text.TestRectangles
                0x0000000000000000       0x3a Src/test.o
 .text.TestFilledRectangles
                0x0000000000000000       0x38 Src/test.o
 .text.TestFilledCircles
                0x0000000000000000       0x4e Src/test.o
 .text.TestCircles
                0x0000000000000000       0x5c Src/test.o
 .text.TestTriangles
                0x0000000000000000       0x44 Src/test.o
 .debug_info    0x0000000000000000     0x10dc Src/test.o
 .debug_abbrev  0x0000000000000000      0x22e Src/test.o
 .debug_loc     0x0000000000000000      0x33a Src/test.o
 .debug_aranges
                0x0000000000000000       0x48 Src/test.o
 .debug_ranges  0x0000000000000000       0x38 Src/test.o
 .debug_line    0x0000000000000000      0x3f3 Src/test.o
 .debug_str     0x0000000000000000      0x7ff Src/test.o
 .comment       0x0000000000000000       0x7d Src/test.o
 .debug_frame   0x0000000000000000       0xd4 Src/test.o
 .ARM.attributes
                0x0000000000000000       0x33 Src/test.o
 .text          0x0000000000000000        0x0 Src/usart.o
 .data          0x0000000000000000        0x0 Src/usart.o
 .bss           0x0000000000000000        0x0 Src/usart.o
 .text.HAL_UART_MspDeInit
                0x0000000000000000       0x2c Src/usart.o
 .text          0x0000000000000000       0x14 startup/startup_stm32f103xb.o
 .data          0x0000000000000000        0x0 startup/startup_stm32f103xb.o
 .bss           0x0000000000000000        0x0 startup/startup_stm32f103xb.o
 .text          0x0000000000000000        0x0 /opt/truestudio/ARMTools/bin/../lib/gcc/arm-atollic-eabi/6.3.1/../../../../arm-atollic-eabi/lib/armv7-m/libc_nano.a(lib_a-errno.o)
 .data          0x0000000000000000        0x0 /opt/truestudio/ARMTools/bin/../lib/gcc/arm-atollic-eabi/6.3.1/../../../../arm-atollic-eabi/lib/armv7-m/libc_nano.a(lib_a-errno.o)
 .bss           0x0000000000000000        0x0 /opt/truestudio/ARMTools/bin/../lib/gcc/arm-atollic-eabi/6.3.1/../../../../arm-atollic-eabi/lib/armv7-m/libc_nano.a(lib_a-errno.o)
 .text.__errno  0x0000000000000000        0xc /opt/truestudio/ARMTools/bin/../lib/gcc/arm-atollic-eabi/6.3.1/../../../../arm-atollic-eabi/lib/armv7-m/libc_nano.a(lib_a-errno.o)
 .debug_frame   0x0000000000000000       0x20 /opt/truestudio/ARMTools/bin/../lib/gcc/arm-atollic-eabi/6.3.1/../../../../arm-atollic-eabi/lib/armv7-m/libc_nano.a(lib_a-errno.o)
 .ARM.attributes
                0x0000000000000000       0x2d /opt/truestudio/ARMTools/bin/../lib/gcc/arm-atollic-eabi/6.3.1/../../../../arm-atollic-eabi/lib/armv7-m/libc_nano.a(lib_a-errno.o)
 .text          0x0000000000000000        0x0 /opt/truestudio/ARMTools/bin/../lib/gcc/arm-atollic-eabi/6.3.1/../../../../arm-atollic-eabi/lib/armv7-m/libc_nano.a(lib_a-impure.o)
 .data          0x0000000000000000        0x0 /opt/truestudio/ARMTools/bin/../lib/gcc/arm-atollic-eabi/6.3.1/../../../../arm-atollic-eabi/lib/armv7-m/libc_nano.a(lib_a-impure.o)
 .bss           0x0000000000000000        0x0 /opt/truestudio/ARMTools/bin/../lib/gcc/arm-atollic-eabi/6.3.1/../../../../arm-atollic-eabi/lib/armv7-m/libc_nano.a(lib_a-impure.o)
 .data._impure_ptr
                0x0000000000000000        0x4 /opt/truestudio/ARMTools/bin/../lib/gcc/arm-atollic-eabi/6.3.1/../../../../arm-atollic-eabi/lib/armv7-m/libc_nano.a(lib_a-impure.o)
 .data.impure_data
                0x0000000000000000       0x60 /opt/truestudio/ARMTools/bin/../lib/gcc/arm-atollic-eabi/6.3.1/../../../../arm-atollic-eabi/lib/armv7-m/libc_nano.a(lib_a-impure.o)
 .rodata._global_impure_ptr
                0x0000000000000000        0x4 /opt/truestudio/ARMTools/bin/../lib/gcc/arm-atollic-eabi/6.3.1/../../../../arm-atollic-eabi/lib/armv7-m/libc_nano.a(lib_a-impure.o)
 .ARM.attributes
                0x0000000000000000       0x2d /opt/truestudio/ARMTools/bin/../lib/gcc/arm-atollic-eabi/6.3.1/../../../../arm-atollic-eabi/lib/armv7-m/libc_nano.a(lib_a-impure.o)
 .text          0x0000000000000000        0x0 /opt/truestudio/ARMTools/bin/../lib/gcc/arm-atollic-eabi/6.3.1/../../../../arm-atollic-eabi/lib/armv7-m/libc_nano.a(lib_a-init.o)
 .data          0x0000000000000000        0x0 /opt/truestudio/ARMTools/bin/../lib/gcc/arm-atollic-eabi/6.3.1/../../../../arm-atollic-eabi/lib/armv7-m/libc_nano.a(lib_a-init.o)
 .bss           0x0000000000000000        0x0 /opt/truestudio/ARMTools/bin/../lib/gcc/arm-atollic-eabi/6.3.1/../../../../arm-atollic-eabi/lib/armv7-m/libc_nano.a(lib_a-init.o)
 .text          0x0000000000000000        0x0 /opt/truestudio/ARMTools/bin/../lib/gcc/arm-atollic-eabi/6.3.1/../../../../arm-atollic-eabi/lib/armv7-m/libc_nano.a(lib_a-memset.o)
 .data          0x0000000000000000        0x0 /opt/truestudio/ARMTools/bin/../lib/gcc/arm-atollic-eabi/6.3.1/../../../../arm-atollic-eabi/lib/armv7-m/libc_nano.a(lib_a-memset.o)
 .bss           0x0000000000000000        0x0 /opt/truestudio/ARMTools/bin/../lib/gcc/arm-atollic-eabi/6.3.1/../../../../arm-atollic-eabi/lib/armv7-m/libc_nano.a(lib_a-memset.o)
 .text          0x0000000000000000        0x0 /opt/truestudio/ARMTools/bin/../lib/gcc/arm-atollic-eabi/6.3.1/../../../../arm-atollic-eabi/lib/armv7-m/libc_nano.a(lib_a-strcpy.o)
 .data          0x0000000000000000        0x0 /opt/truestudio/ARMTools/bin/../lib/gcc/arm-atollic-eabi/6.3.1/../../../../arm-atollic-eabi/lib/armv7-m/libc_nano.a(lib_a-strcpy.o)
 .bss           0x0000000000000000        0x0 /opt/truestudio/ARMTools/bin/../lib/gcc/arm-atollic-eabi/6.3.1/../../../../arm-atollic-eabi/lib/armv7-m/libc_nano.a(lib_a-strcpy.o)
 .text          0x0000000000000000       0x10 /opt/truestudio/ARMTools/bin/../lib/gcc/arm-atollic-eabi/6.3.1/../../../../arm-atollic-eabi/lib/armv7-m/libc_nano.a(lib_a-strlen.o)
 .data          0x0000000000000000        0x0 /opt/truestudio/ARMTools/bin/../lib/gcc/arm-atollic-eabi/6.3.1/../../../../arm-atollic-eabi/lib/armv7-m/libc_nano.a(lib_a-strlen.o)
 .bss           0x0000000000000000        0x0 /opt/truestudio/ARMTools/bin/../lib/gcc/arm-atollic-eabi/6.3.1/../../../../arm-atollic-eabi/lib/armv7-m/libc_nano.a(lib_a-strlen.o)
 .ARM.attributes
                0x0000000000000000       0x17 /opt/truestudio/ARMTools/bin/../lib/gcc/arm-atollic-eabi/6.3.1/../../../../arm-atollic-eabi/lib/armv7-m/libc_nano.a(lib_a-strlen.o)
 .text          0x0000000000000000       0x18 /opt/truestudio/ARMTools/bin/../lib/gcc/arm-atollic-eabi/6.3.1/armv7-m/libgcc.a(_lshrdi3.o)
 .data          0x0000000000000000        0x0 /opt/truestudio/ARMTools/bin/../lib/gcc/arm-atollic-eabi/6.3.1/armv7-m/libgcc.a(_lshrdi3.o)
 .bss           0x0000000000000000        0x0 /opt/truestudio/ARMTools/bin/../lib/gcc/arm-atollic-eabi/6.3.1/armv7-m/libgcc.a(_lshrdi3.o)
 .ARM.attributes
                0x0000000000000000       0x1d /opt/truestudio/ARMTools/bin/../lib/gcc/arm-atollic-eabi/6.3.1/armv7-m/libgcc.a(_lshrdi3.o)
 .text          0x0000000000000000        0x0 /opt/truestudio/ARMTools/bin/../lib/gcc/arm-atollic-eabi/6.3.1/armv7-m/crtend.o
 .data          0x0000000000000000        0x0 /opt/truestudio/ARMTools/bin/../lib/gcc/arm-atollic-eabi/6.3.1/armv7-m/crtend.o
 .bss           0x0000000000000000        0x0 /opt/truestudio/ARMTools/bin/../lib/gcc/arm-atollic-eabi/6.3.1/armv7-m/crtend.o
 .eh_frame      0x0000000000000000        0x4 /opt/truestudio/ARMTools/bin/../lib/gcc/arm-atollic-eabi/6.3.1/armv7-m/crtend.o
 .ARM.attributes
                0x0000000000000000       0x2d /opt/truestudio/ARMTools/bin/../lib/gcc/arm-atollic-eabi/6.3.1/armv7-m/crtend.o
 .text          0x0000000000000000        0x0 /opt/truestudio/ARMTools/bin/../lib/gcc/arm-atollic-eabi/6.3.1/armv7-m/crtn.o
 .data          0x0000000000000000        0x0 /opt/truestudio/ARMTools/bin/../lib/gcc/arm-atollic-eabi/6.3.1/armv7-m/crtn.o
 .bss           0x0000000000000000        0x0 /opt/truestudio/ARMTools/bin/../lib/gcc/arm-atollic-eabi/6.3.1/armv7-m/crtn.o

Memory Configuration

Name             Origin             Length             Attributes
RAM              0x0000000020000000 0x0000000000005000 xrw
FLASH            0x0000000008000000 0x0000000000010000 xr
*default*        0x0000000000000000 0xffffffffffffffff

Linker script and memory map

LOAD /opt/truestudio/ARMTools/bin/../lib/gcc/arm-atollic-eabi/6.3.1/armv7-m/crti.o
LOAD /opt/truestudio/ARMTools/bin/../lib/gcc/arm-atollic-eabi/6.3.1/armv7-m/crtbegin.o
LOAD Drivers/STM32F1xx_HAL_Driver/Src/stm32f1xx_hal.o
LOAD Drivers/STM32F1xx_HAL_Driver/Src/stm32f1xx_hal_cortex.o
LOAD Drivers/STM32F1xx_HAL_Driver/Src/stm32f1xx_hal_dma.o
LOAD Drivers/STM32F1xx_HAL_Driver/Src/stm32f1xx_hal_flash.o
LOAD Drivers/STM32F1xx_HAL_Driver/Src/stm32f1xx_hal_flash_ex.o
LOAD Drivers/STM32F1xx_HAL_Driver/Src/stm32f1xx_hal_gpio.o
LOAD Drivers/STM32F1xx_HAL_Driver/Src/stm32f1xx_hal_gpio_ex.o
LOAD Drivers/STM32F1xx_HAL_Driver/Src/stm32f1xx_hal_i2c.o
LOAD Drivers/STM32F1xx_HAL_Driver/Src/stm32f1xx_hal_pwr.o
LOAD Drivers/STM32F1xx_HAL_Driver/Src/stm32f1xx_hal_rcc.o
LOAD Drivers/STM32F1xx_HAL_Driver/Src/stm32f1xx_hal_rcc_ex.o
LOAD Drivers/STM32F1xx_HAL_Driver/Src/stm32f1xx_hal_tim.o
LOAD Drivers/STM32F1xx_HAL_Driver/Src/stm32f1xx_hal_tim_ex.o
LOAD Drivers/STM32F1xx_HAL_Driver/Src/stm32f1xx_hal_uart.o
LOAD Src/bluetooth_controller.o
LOAD Src/fonts.o
LOAD Src/gpio.o
LOAD Src/i2c.o
LOAD Src/main.o
LOAD Src/ssd1306.o
LOAD Src/stm32f1xx_hal_msp.o
LOAD Src/stm32f1xx_it.o
LOAD Src/syscalls.o
LOAD Src/system_stm32f1xx.o
LOAD Src/test.o
LOAD Src/usart.o
LOAD startup/startup_stm32f103xb.o
                0x0000000000000080                malloc_getpagesize_P = 0x80
START GROUP
LOAD /opt/truestudio/ARMTools/bin/../lib/gcc/arm-atollic-eabi/6.3.1/../../../../arm-atollic-eabi/lib/armv7-m/libc_nano.a
LOAD /opt/truestudio/ARMTools/bin/../lib/gcc/arm-atollic-eabi/6.3.1/../../../../arm-atollic-eabi/lib/armv7-m/libm.a
END GROUP
START GROUP
LOAD /opt/truestudio/ARMTools/bin/../lib/gcc/arm-atollic-eabi/6.3.1/armv7-m/libgcc.a
LOAD /opt/truestudio/ARMTools/bin/../lib/gcc/arm-atollic-eabi/6.3.1/../../../../arm-atollic-eabi/lib/armv7-m/libc_nano.a
END GROUP
START GROUP
LOAD /opt/truestudio/ARMTools/bin/../lib/gcc/arm-atollic-eabi/6.3.1/armv7-m/libgcc.a
LOAD /opt/truestudio/ARMTools/bin/../lib/gcc/arm-atollic-eabi/6.3.1/../../../../arm-atollic-eabi/lib/armv7-m/libc_nano.a
LOAD /opt/truestudio/ARMTools/bin/../lib/gcc/arm-atollic-eabi/6.3.1/../../../../arm-atollic-eabi/lib/armv7-m/libnosys.a
END GROUP
START GROUP
LOAD /opt/truestudio/ARMTools/bin/../lib/gcc/arm-atollic-eabi/6.3.1/armv7-m/libgcc.a
LOAD /opt/truestudio/ARMTools/bin/../lib/gcc/arm-atollic-eabi/6.3.1/../../../../arm-atollic-eabi/lib/armv7-m/libc_nano.a
LOAD /opt/truestudio/ARMTools/bin/../lib/gcc/arm-atollic-eabi/6.3.1/../../../../arm-atollic-eabi/lib/armv7-m/libnosys.a
END GROUP
LOAD /opt/truestudio/ARMTools/bin/../lib/gcc/arm-atollic-eabi/6.3.1/armv7-m/crtend.o
LOAD /opt/truestudio/ARMTools/bin/../lib/gcc/arm-atollic-eabi/6.3.1/armv7-m/crtn.o
                0x0000000020005000                _estack = 0x20005000
                0x0000000000000200                _Min_Heap_Size = 0x200
                0x0000000000000400                _Min_Stack_Size = 0x400

.isr_vector     0x0000000008000000      0x10c
                0x0000000008000000                . = ALIGN (0x4)
 *(.isr_vector)
 .isr_vector    0x0000000008000000      0x10c startup/startup_stm32f103xb.o
                0x0000000008000000                g_pfnVectors
                0x000000000800010c                . = ALIGN (0x4)

.text           0x000000000800010c     0x1df0
                0x000000000800010c                . = ALIGN (0x4)
 *(.text)
 .text          0x000000000800010c       0x40 /opt/truestudio/ARMTools/bin/../lib/gcc/arm-atollic-eabi/6.3.1/armv7-m/crtbegin.o
 *(.text*)
 .text.HAL_InitTick
                0x000000000800014c       0x48 Drivers/STM32F1xx_HAL_Driver/Src/stm32f1xx_hal.o
                0x000000000800014c                HAL_InitTick
 .text.HAL_Init
                0x0000000008000194       0x24 Drivers/STM32F1xx_HAL_Driver/Src/stm32f1xx_hal.o
                0x0000000008000194                HAL_Init
 .text.HAL_IncTick
                0x00000000080001b8       0x18 Drivers/STM32F1xx_HAL_Driver/Src/stm32f1xx_hal.o
                0x00000000080001b8                HAL_IncTick
 .text.HAL_GetTick
                0x00000000080001d0        0xc Drivers/STM32F1xx_HAL_Driver/Src/stm32f1xx_hal.o
                0x00000000080001d0                HAL_GetTick
 .text.HAL_NVIC_SetPriorityGrouping
                0x00000000080001dc       0x3c Drivers/STM32F1xx_HAL_Driver/Src/stm32f1xx_hal_cortex.o
                0x00000000080001dc                HAL_NVIC_SetPriorityGrouping
 .text.HAL_NVIC_SetPriority
                0x0000000008000218       0x84 Drivers/STM32F1xx_HAL_Driver/Src/stm32f1xx_hal_cortex.o
                0x0000000008000218                HAL_NVIC_SetPriority
 .text.HAL_SYSTICK_Config
                0x000000000800029c       0x2c Drivers/STM32F1xx_HAL_Driver/Src/stm32f1xx_hal_cortex.o
                0x000000000800029c                HAL_SYSTICK_Config
 .text.HAL_GPIO_Init
                0x00000000080002c8      0x2d8 Drivers/STM32F1xx_HAL_Driver/Src/stm32f1xx_hal_gpio.o
                0x00000000080002c8                HAL_GPIO_Init
 .text.HAL_GPIO_WritePin
                0x00000000080005a0       0x34 Drivers/STM32F1xx_HAL_Driver/Src/stm32f1xx_hal_gpio.o
                0x00000000080005a0                HAL_GPIO_WritePin
 .text.HAL_GPIO_TogglePin
                0x00000000080005d4       0x20 Drivers/STM32F1xx_HAL_Driver/Src/stm32f1xx_hal_gpio.o
                0x00000000080005d4                HAL_GPIO_TogglePin
 .text.I2C_IsAcknowledgeFailed
                0x00000000080005f4       0x2a Drivers/STM32F1xx_HAL_Driver/Src/stm32f1xx_hal_i2c.o
 .text.I2C_WaitOnMasterAddressFlagUntilTimeout
                0x000000000800061e       0x80 Drivers/STM32F1xx_HAL_Driver/Src/stm32f1xx_hal_i2c.o
 .text.I2C_WaitOnFlagUntilTimeout
                0x000000000800069e       0x5c Drivers/STM32F1xx_HAL_Driver/Src/stm32f1xx_hal_i2c.o
 .text.I2C_WaitOnTXEFlagUntilTimeout
                0x00000000080006fa       0x4c Drivers/STM32F1xx_HAL_Driver/Src/stm32f1xx_hal_i2c.o
 .text.I2C_WaitOnBTFFlagUntilTimeout
                0x0000000008000746       0x4c Drivers/STM32F1xx_HAL_Driver/Src/stm32f1xx_hal_i2c.o
 *fill*         0x0000000008000792        0x2 
 .text.HAL_I2C_Init
                0x0000000008000794      0x1c0 Drivers/STM32F1xx_HAL_Driver/Src/stm32f1xx_hal_i2c.o
                0x0000000008000794                HAL_I2C_Init
 .text.HAL_I2C_Master_Transmit
                0x0000000008000954      0x1ac Drivers/STM32F1xx_HAL_Driver/Src/stm32f1xx_hal_i2c.o
                0x0000000008000954                HAL_I2C_Master_Transmit
 .text.HAL_I2C_IsDeviceReady
                0x0000000008000b00      0x160 Drivers/STM32F1xx_HAL_Driver/Src/stm32f1xx_hal_i2c.o
                0x0000000008000b00                HAL_I2C_IsDeviceReady
 .text.HAL_RCC_OscConfig
                0x0000000008000c60      0x404 Drivers/STM32F1xx_HAL_Driver/Src/stm32f1xx_hal_rcc.o
                0x0000000008000c60                HAL_RCC_OscConfig
 .text.HAL_RCC_GetSysClockFreq
                0x0000000008001064       0x78 Drivers/STM32F1xx_HAL_Driver/Src/stm32f1xx_hal_rcc.o
                0x0000000008001064                HAL_RCC_GetSysClockFreq
 .text.HAL_RCC_ClockConfig
                0x00000000080010dc      0x220 Drivers/STM32F1xx_HAL_Driver/Src/stm32f1xx_hal_rcc.o
                0x00000000080010dc                HAL_RCC_ClockConfig
 .text.HAL_RCC_GetPCLK1Freq
                0x00000000080012fc       0x20 Drivers/STM32F1xx_HAL_Driver/Src/stm32f1xx_hal_rcc.o
                0x00000000080012fc                HAL_RCC_GetPCLK1Freq
 .text.HAL_RCC_GetPCLK2Freq
                0x000000000800131c       0x20 Drivers/STM32F1xx_HAL_Driver/Src/stm32f1xx_hal_rcc.o
                0x000000000800131c                HAL_RCC_GetPCLK2Freq
 .text.UART_SetConfig
                0x000000000800133c      0x1a4 Drivers/STM32F1xx_HAL_Driver/Src/stm32f1xx_hal_uart.o
 .text.UART_WaitOnFlagUntilTimeout.constprop.3
                0x00000000080014e0       0x50 Drivers/STM32F1xx_HAL_Driver/Src/stm32f1xx_hal_uart.o
 .text.HAL_UART_Init
                0x0000000008001530       0xd0 Drivers/STM32F1xx_HAL_Driver/Src/stm32f1xx_hal_uart.o
                0x0000000008001530                HAL_UART_Init
 .text.HAL_UART_Transmit
                0x0000000008001600       0xb8 Drivers/STM32F1xx_HAL_Driver/Src/stm32f1xx_hal_uart.o
                0x0000000008001600                HAL_UART_Transmit
 .text.HAL_UART_Receive
                0x00000000080016b8       0xbe Drivers/STM32F1xx_HAL_Driver/Src/stm32f1xx_hal_uart.o
                0x00000000080016b8                HAL_UART_Receive
 *fill*         0x0000000008001776        0x2 
 .text.toggle_led_light_on
                0x0000000008001778       0x50 Src/bluetooth_controller.o
                0x0000000008001778                toggle_led_light_on
 .text.toggle_led_light_off
                0x00000000080017c8       0x44 Src/bluetooth_controller.o
                0x00000000080017c8                toggle_led_light_off
 .text.MX_GPIO_Init
                0x000000000800180c       0x64 Src/gpio.o
                0x000000000800180c                MX_GPIO_Init
 .text.MX_I2C1_Init
                0x0000000008001870       0x40 Src/i2c.o
                0x0000000008001870                MX_I2C1_Init
 .text.HAL_I2C_MspInit
                0x00000000080018b0       0x64 Src/i2c.o
                0x00000000080018b0                HAL_I2C_MspInit
 .text.SystemClock_Config
                0x0000000008001914       0x44 Src/main.o
                0x0000000008001914                SystemClock_Config
 .text.startup.main
                0x0000000008001958       0x5c Src/main.o
                0x0000000008001958                main
 .text.Error_Handler
                0x00000000080019b4        0x2 Src/main.o
                0x00000000080019b4                Error_Handler
 .text.assert_failed
                0x00000000080019b6        0x2 Src/main.o
                0x00000000080019b6                assert_failed
 .text.SSD1306_Fill
                0x00000000080019b8       0x18 Src/ssd1306.o
                0x00000000080019b8                SSD1306_Fill
 .text.SSD1306_DrawPixel
                0x00000000080019d0       0x48 Src/ssd1306.o
                0x00000000080019d0                SSD1306_DrawPixel
 .text.SSD1306_GotoXY
                0x0000000008001a18        0xc Src/ssd1306.o
                0x0000000008001a18                SSD1306_GotoXY
 .text.SSD1306_Putc
                0x0000000008001a24       0x98 Src/ssd1306.o
                0x0000000008001a24                SSD1306_Putc
 .text.SSD1306_Puts
                0x0000000008001abc       0x22 Src/ssd1306.o
                0x0000000008001abc                SSD1306_Puts
 *fill*         0x0000000008001ade        0x2 
 .text.ssd1306_I2C_WriteMulti
                0x0000000008001ae0       0x38 Src/ssd1306.o
                0x0000000008001ae0                ssd1306_I2C_WriteMulti
 .text.ssd1306_I2C_Write
                0x0000000008001b18       0x24 Src/ssd1306.o
                0x0000000008001b18                ssd1306_I2C_Write
 .text.SSD1306_UpdateScreen
                0x0000000008001b3c       0x44 Src/ssd1306.o
                0x0000000008001b3c                SSD1306_UpdateScreen
 .text.SSD1306_Init
                0x0000000008001b80      0x15c Src/ssd1306.o
                0x0000000008001b80                SSD1306_Init
 .text.HAL_MspInit
                0x0000000008001cdc       0x44 Src/stm32f1xx_hal_msp.o
                0x0000000008001cdc                HAL_MspInit
 .text.NMI_Handler
                0x0000000008001d20        0x2 Src/stm32f1xx_it.o
                0x0000000008001d20                NMI_Handler
 .text.HardFault_Handler
                0x0000000008001d22        0x2 Src/stm32f1xx_it.o
                0x0000000008001d22                HardFault_Handler
 .text.MemManage_Handler
                0x0000000008001d24        0x2 Src/stm32f1xx_it.o
                0x0000000008001d24                MemManage_Handler
 .text.BusFault_Handler
                0x0000000008001d26        0x2 Src/stm32f1xx_it.o
                0x0000000008001d26                BusFault_Handler
 .text.UsageFault_Handler
                0x0000000008001d28        0x2 Src/stm32f1xx_it.o
                0x0000000008001d28                UsageFault_Handler
 .text.SVC_Handler
                0x0000000008001d2a        0x2 Src/stm32f1xx_it.o
                0x0000000008001d2a                SVC_Handler
 .text.DebugMon_Handler
                0x0000000008001d2c        0x2 Src/stm32f1xx_it.o
                0x0000000008001d2c                DebugMon_Handler
 .text.PendSV_Handler
                0x0000000008001d2e        0x2 Src/stm32f1xx_it.o
                0x0000000008001d2e                PendSV_Handler
 .text.SysTick_Handler
                0x0000000008001d30        0x4 Src/stm32f1xx_it.o
                0x0000000008001d30                SysTick_Handler
 .text.SystemInit
                0x0000000008001d34       0x4c Src/system_stm32f1xx.o
                0x0000000008001d34                SystemInit
 .text.MX_USART1_UART_Init
                0x0000000008001d80       0x38 Src/usart.o
                0x0000000008001d80                MX_USART1_UART_Init
 .text.HAL_UART_MspInit
                0x0000000008001db8       0x78 Src/usart.o
                0x0000000008001db8                HAL_UART_MspInit
 .text.Reset_Handler
                0x0000000008001e30       0x48 startup/startup_stm32f103xb.o
                0x0000000008001e30                Reset_Handler
 .text.Default_Handler
                0x0000000008001e78        0x2 startup/startup_stm32f103xb.o
                0x0000000008001e78                RTC_Alarm_IRQHandler
                0x0000000008001e78                EXTI2_IRQHandler
                0x0000000008001e78                TIM1_CC_IRQHandler
                0x0000000008001e78                PVD_IRQHandler
                0x0000000008001e78                EXTI3_IRQHandler
                0x0000000008001e78                EXTI0_IRQHandler
                0x0000000008001e78                I2C2_EV_IRQHandler
                0x0000000008001e78                ADC1_2_IRQHandler
                0x0000000008001e78                SPI1_IRQHandler
                0x0000000008001e78                TAMPER_IRQHandler
                0x0000000008001e78                DMA1_Channel4_IRQHandler
                0x0000000008001e78                USART3_IRQHandler
                0x0000000008001e78                RTC_IRQHandler
                0x0000000008001e78                DMA1_Channel7_IRQHandler
                0x0000000008001e78                CAN1_RX1_IRQHandler
                0x0000000008001e78                TIM4_IRQHandler
                0x0000000008001e78                I2C1_EV_IRQHandler
                0x0000000008001e78                DMA1_Channel6_IRQHandler
                0x0000000008001e78                TIM3_IRQHandler
                0x0000000008001e78                RCC_IRQHandler
                0x0000000008001e78                TIM1_TRG_COM_IRQHandler
                0x0000000008001e78                DMA1_Channel1_IRQHandler
                0x0000000008001e78                Default_Handler
                0x0000000008001e78                EXTI15_10_IRQHandler
                0x0000000008001e78                EXTI9_5_IRQHandler
                0x0000000008001e78                SPI2_IRQHandler
                0x0000000008001e78                DMA1_Channel5_IRQHandler
                0x0000000008001e78                EXTI4_IRQHandler
                0x0000000008001e78                USB_LP_CAN1_RX0_IRQHandler
                0x0000000008001e78                USB_HP_CAN1_TX_IRQHandler
                0x0000000008001e78                DMA1_Channel3_IRQHandler
                0x0000000008001e78                TIM1_UP_IRQHandler
                0x0000000008001e78                WWDG_IRQHandler
                0x0000000008001e78                TIM2_IRQHandler
                0x0000000008001e78                TIM1_BRK_IRQHandler
                0x0000000008001e78                EXTI1_IRQHandler
                0x0000000008001e78                USART2_IRQHandler
                0x0000000008001e78                I2C2_ER_IRQHandler
                0x0000000008001e78                DMA1_Channel2_IRQHandler
                0x0000000008001e78                CAN1_SCE_IRQHandler
                0x0000000008001e78                FLASH_IRQHandler
                0x0000000008001e78                USART1_IRQHandler
                0x0000000008001e78                I2C1_ER_IRQHandler
                0x0000000008001e78                USBWakeUp_IRQHandler
 *fill*         0x0000000008001e7a        0x2 
 .text.__libc_init_array
                0x0000000008001e7c       0x48 /opt/truestudio/ARMTools/bin/../lib/gcc/arm-atollic-eabi/6.3.1/../../../../arm-atollic-eabi/lib/armv7-m/libc_nano.a(lib_a-init.o)
                0x0000000008001e7c                __libc_init_array
 .text.memset   0x0000000008001ec4       0x10 /opt/truestudio/ARMTools/bin/../lib/gcc/arm-atollic-eabi/6.3.1/../../../../arm-atollic-eabi/lib/armv7-m/libc_nano.a(lib_a-memset.o)
                0x0000000008001ec4                memset
 .text.strcpy   0x0000000008001ed4       0x10 /opt/truestudio/ARMTools/bin/../lib/gcc/arm-atollic-eabi/6.3.1/../../../../arm-atollic-eabi/lib/armv7-m/libc_nano.a(lib_a-strcpy.o)
                0x0000000008001ed4                strcpy
 *(.glue_7)
 .glue_7        0x0000000008001ee4        0x0 linker stubs
 *(.glue_7t)
 .glue_7t       0x0000000008001ee4        0x0 linker stubs
 *(.eh_frame)
 .eh_frame      0x0000000008001ee4        0x0 /opt/truestudio/ARMTools/bin/../lib/gcc/arm-atollic-eabi/6.3.1/armv7-m/crtbegin.o
 *(.init)
 .init          0x0000000008001ee4        0x4 /opt/truestudio/ARMTools/bin/../lib/gcc/arm-atollic-eabi/6.3.1/armv7-m/crti.o
                0x0000000008001ee4                _init
 .init          0x0000000008001ee8        0x8 /opt/truestudio/ARMTools/bin/../lib/gcc/arm-atollic-eabi/6.3.1/armv7-m/crtn.o
 *(.fini)
 .fini          0x0000000008001ef0        0x4 /opt/truestudio/ARMTools/bin/../lib/gcc/arm-atollic-eabi/6.3.1/armv7-m/crti.o
                0x0000000008001ef0                _fini
 .fini          0x0000000008001ef4        0x8 /opt/truestudio/ARMTools/bin/../lib/gcc/arm-atollic-eabi/6.3.1/armv7-m/crtn.o
                0x0000000008001efc                . = ALIGN (0x4)
                0x0000000008001efc                _etext = .

.vfp11_veneer   0x0000000008001efc        0x0
 .vfp11_veneer  0x0000000008001efc        0x0 linker stubs

.v4_bx          0x0000000008001efc        0x0
 .v4_bx         0x0000000008001efc        0x0 linker stubs

.iplt           0x0000000008001efc        0x0
 .iplt          0x0000000008001efc        0x0 /opt/truestudio/ARMTools/bin/../lib/gcc/arm-atollic-eabi/6.3.1/armv7-m/crtbegin.o

.rodata         0x0000000008001efc      0xeb4
                0x0000000008001efc                . = ALIGN (0x4)
 *(.rodata)
 .rodata        0x0000000008001efc       0x10 Drivers/STM32F1xx_HAL_Driver/Src/stm32f1xx_hal_rcc.o
 *(.rodata*)
 .rodata.HAL_NVIC_SetPriorityGrouping.str1.1
                0x0000000008001f0c       0x3b Drivers/STM32F1xx_HAL_Driver/Src/stm32f1xx_hal_cortex.o
 .rodata.HAL_GPIO_Init.str1.1
                0x0000000008001f47       0x39 Drivers/STM32F1xx_HAL_Driver/Src/stm32f1xx_hal_gpio.o
 .rodata.HAL_I2C_Init.str1.1
                0x0000000008001f80       0x38 Drivers/STM32F1xx_HAL_Driver/Src/stm32f1xx_hal_i2c.o
 .rodata.HAL_RCC_OscConfig.str1.1
                0x0000000008001fb8       0x38 Drivers/STM32F1xx_HAL_Driver/Src/stm32f1xx_hal_rcc.o
 .rodata.UART_SetConfig.str1.1
                0x0000000008001ff0       0x39 Drivers/STM32F1xx_HAL_Driver/Src/stm32f1xx_hal_uart.o
 .rodata.toggle_led_light_on.str1.1
                0x0000000008002029       0x39 Src/bluetooth_controller.o
                                          0x1 (size before relaxing)
 *fill*         0x0000000008002029        0x1 
 .rodata.Font11x18
                0x000000000800202a      0xd5c Src/fonts.o
                0x000000000800202a                Font11x18
 .rodata.main.str1.1
                0x0000000008002d86        0xf Src/main.o
 .rodata.AHBPrescTable
                0x0000000008002d95       0x10 Src/system_stm32f1xx.o
                0x0000000008002d95                AHBPrescTable
 .rodata.APBPrescTable
                0x0000000008002da5        0x8 Src/system_stm32f1xx.o
                0x0000000008002da5                APBPrescTable
                0x0000000008002db0                . = ALIGN (0x4)
 *fill*         0x0000000008002dad        0x3 

.rel.dyn        0x0000000008002db0        0x0
 .rel.iplt      0x0000000008002db0        0x0 /opt/truestudio/ARMTools/bin/../lib/gcc/arm-atollic-eabi/6.3.1/armv7-m/crtbegin.o

.ARM.extab
 *(.ARM.extab* .gnu.linkonce.armextab.*)

.ARM            0x0000000008002db0        0x0
                0x0000000008002db0                __exidx_start = .
 *(.ARM.exidx*)
                0x0000000008002db0                __exidx_end = .

.preinit_array  0x0000000008002db0        0x0
                0x0000000008002db0                PROVIDE (__preinit_array_start, .)
 *(.preinit_array*)
                0x0000000008002db0                PROVIDE (__preinit_array_end, .)

.init_array     0x0000000008002db0        0x4
                0x0000000008002db0                PROVIDE (__init_array_start, .)
 *(SORT(.init_array.*))
 *(.init_array*)
 .init_array    0x0000000008002db0        0x4 /opt/truestudio/ARMTools/bin/../lib/gcc/arm-atollic-eabi/6.3.1/armv7-m/crtbegin.o
                0x0000000008002db4                PROVIDE (__init_array_end, .)

.fini_array     0x0000000008002db4        0x4
                [!provide]                        PROVIDE (__fini_array_start, .)
 *(SORT(.fini_array.*))
 *(.fini_array*)
 .fini_array    0x0000000008002db4        0x4 /opt/truestudio/ARMTools/bin/../lib/gcc/arm-atollic-eabi/6.3.1/armv7-m/crtbegin.o
                [!provide]                        PROVIDE (__fini_array_end, .)
                0x0000000008002db8                _sidata = LOADADDR (.data)

.data           0x0000000020000000       0x24 load address 0x0000000008002db8
                0x0000000020000000                . = ALIGN (0x4)
                0x0000000020000000                _sdata = .
 *(.data)
 *(.data*)
 .data.uwTickFreq
                0x0000000020000000        0x1 Drivers/STM32F1xx_HAL_Driver/Src/stm32f1xx_hal.o
                0x0000000020000000                uwTickFreq
 *fill*         0x0000000020000001        0x3 
 .data.uwTickPrio
                0x0000000020000004        0x4 Drivers/STM32F1xx_HAL_Driver/Src/stm32f1xx_hal.o
                0x0000000020000004                uwTickPrio
 .data.off      0x0000000020000008        0x7 Src/bluetooth_controller.o
                0x0000000020000008                off
 .data.on       0x000000002000000f        0x6 Src/bluetooth_controller.o
                0x000000002000000f                on
 *fill*         0x0000000020000015        0x3 
 .data.Font_11x18
                0x0000000020000018        0x8 Src/fonts.o
                0x0000000020000018                Font_11x18
 .data.SystemCoreClock
                0x0000000020000020        0x4 Src/system_stm32f1xx.o
                0x0000000020000020                SystemCoreClock
                0x0000000020000024                . = ALIGN (0x4)
                0x0000000020000024                _edata = .

.igot.plt       0x0000000020000024        0x0 load address 0x0000000008002ddc
 .igot.plt      0x0000000020000024        0x0 /opt/truestudio/ARMTools/bin/../lib/gcc/arm-atollic-eabi/6.3.1/armv7-m/crtbegin.o
                0x0000000020000024                . = ALIGN (0x4)

.bss            0x0000000020000024      0x4c0 load address 0x0000000008002ddc
                0x0000000020000024                _sbss = .
                0x0000000020000024                __bss_start__ = _sbss
 *(.bss)
 .bss           0x0000000020000024       0x1c /opt/truestudio/ARMTools/bin/../lib/gcc/arm-atollic-eabi/6.3.1/armv7-m/crtbegin.o
 *(.bss*)
 .bss.SSD1306   0x0000000020000040        0x6 Src/ssd1306.o
 .bss.SSD1306_Buffer
                0x0000000020000046      0x400 Src/ssd1306.o
 *(COMMON)
 *fill*         0x0000000020000446        0x2 
 COMMON         0x0000000020000448        0x4 Drivers/STM32F1xx_HAL_Driver/Src/stm32f1xx_hal.o
                0x0000000020000448                uwTick
 COMMON         0x000000002000044c        0x3 Src/bluetooth_controller.o
                0x000000002000044c                generic_buffer
 *fill*         0x000000002000044f        0x1 
 COMMON         0x0000000020000450       0x54 Src/i2c.o
                0x0000000020000450                hi2c1
 COMMON         0x00000000200004a4       0x40 Src/usart.o
                0x00000000200004a4                huart1
                0x00000000200004e4                . = ALIGN (0x4)
                0x00000000200004e4                _ebss = .
                0x00000000200004e4                __bss_end__ = _ebss

._user_heap_stack
                0x00000000200004e4      0x600 load address 0x0000000008002ddc
                0x00000000200004e4                . = ALIGN (0x4)
                0x00000000200004e4                PROVIDE (end, .)
                [!provide]                        PROVIDE (_end, .)
                0x00000000200006e4                . = (. + _Min_Heap_Size)
 *fill*         0x00000000200004e4      0x200 
                0x0000000020000ae4                . = (. + _Min_Stack_Size)
 *fill*         0x00000000200006e4      0x400 
                0x0000000020000ae4                . = ALIGN (0x4)

/DISCARD/
 libc.a(*)
 libm.a(*)
 libgcc.a(*)

.ARM.attributes
                0x0000000000000000       0x29
 *(.ARM.attributes)
 .ARM.attributes
                0x0000000000000000       0x1d /opt/truestudio/ARMTools/bin/../lib/gcc/arm-atollic-eabi/6.3.1/armv7-m/crti.o
 .ARM.attributes
                0x000000000000001d       0x2d /opt/truestudio/ARMTools/bin/../lib/gcc/arm-atollic-eabi/6.3.1/armv7-m/crtbegin.o
 .ARM.attributes
                0x000000000000004a       0x33 Drivers/STM32F1xx_HAL_Driver/Src/stm32f1xx_hal.o
 .ARM.attributes
                0x000000000000007d       0x33 Drivers/STM32F1xx_HAL_Driver/Src/stm32f1xx_hal_cortex.o
 .ARM.attributes
                0x00000000000000b0       0x33 Drivers/STM32F1xx_HAL_Driver/Src/stm32f1xx_hal_gpio.o
 .ARM.attributes
                0x00000000000000e3       0x33 Drivers/STM32F1xx_HAL_Driver/Src/stm32f1xx_hal_i2c.o
 .ARM.attributes
                0x0000000000000116       0x33 Drivers/STM32F1xx_HAL_Driver/Src/stm32f1xx_hal_rcc.o
 .ARM.attributes
                0x0000000000000149       0x33 Drivers/STM32F1xx_HAL_Driver/Src/stm32f1xx_hal_uart.o
 .ARM.attributes
                0x000000000000017c       0x33 Src/bluetooth_controller.o
 .ARM.attributes
                0x00000000000001af       0x33 Src/fonts.o
 .ARM.attributes
                0x00000000000001e2       0x33 Src/gpio.o
 .ARM.attributes
                0x0000000000000215       0x33 Src/i2c.o
 .ARM.attributes
                0x0000000000000248       0x33 Src/main.o
 .ARM.attributes
                0x000000000000027b       0x33 Src/ssd1306.o
 .ARM.attributes
                0x00000000000002ae       0x33 Src/stm32f1xx_hal_msp.o
 .ARM.attributes
                0x00000000000002e1       0x33 Src/stm32f1xx_it.o
 .ARM.attributes
                0x0000000000000314       0x33 Src/system_stm32f1xx.o
 .ARM.attributes
                0x0000000000000347       0x33 Src/usart.o
 .ARM.attributes
                0x000000000000037a       0x21 startup/startup_stm32f103xb.o
 .ARM.attributes
                0x000000000000039b       0x2d /opt/truestudio/ARMTools/bin/../lib/gcc/arm-atollic-eabi/6.3.1/../../../../arm-atollic-eabi/lib/armv7-m/libc_nano.a(lib_a-init.o)
 .ARM.attributes
                0x00000000000003c8       0x2d /opt/truestudio/ARMTools/bin/../lib/gcc/arm-atollic-eabi/6.3.1/../../../../arm-atollic-eabi/lib/armv7-m/libc_nano.a(lib_a-memset.o)
 .ARM.attributes
                0x00000000000003f5       0x2d /opt/truestudio/ARMTools/bin/../lib/gcc/arm-atollic-eabi/6.3.1/../../../../arm-atollic-eabi/lib/armv7-m/libc_nano.a(lib_a-strcpy.o)
 .ARM.attributes
                0x0000000000000422       0x1d /opt/truestudio/ARMTools/bin/../lib/gcc/arm-atollic-eabi/6.3.1/armv7-m/crtn.o
OUTPUT(Magic_Mirror.elf elf32-littlearm)

.debug_info     0x0000000000000000    0x14f8e
 .debug_info    0x0000000000000000      0xff2 Drivers/STM32F1xx_HAL_Driver/Src/stm32f1xx_hal.o
 .debug_info    0x0000000000000ff2     0x1604 Drivers/STM32F1xx_HAL_Driver/Src/stm32f1xx_hal_cortex.o
 .debug_info    0x00000000000025f6     0x10b7 Drivers/STM32F1xx_HAL_Driver/Src/stm32f1xx_hal_gpio.o
 .debug_info    0x00000000000036ad     0x3b52 Drivers/STM32F1xx_HAL_Driver/Src/stm32f1xx_hal_i2c.o
 .debug_info    0x00000000000071ff     0x1513 Drivers/STM32F1xx_HAL_Driver/Src/stm32f1xx_hal_rcc.o
 .debug_info    0x0000000000008712     0x2097 Drivers/STM32F1xx_HAL_Driver/Src/stm32f1xx_hal_uart.o
 .debug_info    0x000000000000a7a9     0x1076 Src/bluetooth_controller.o
 .debug_info    0x000000000000b81f      0xb2c Src/fonts.o
 .debug_info    0x000000000000c34b      0xbba Src/gpio.o
 .debug_info    0x000000000000cf05     0x10f1 Src/i2c.o
 .debug_info    0x000000000000dff6     0x142a Src/main.o
 .debug_info    0x000000000000f420     0x294f Src/ssd1306.o
 .debug_info    0x0000000000011d6f      0xad2 Src/stm32f1xx_hal_msp.o
 .debug_info    0x0000000000012841      0xa10 Src/stm32f1xx_it.o
 .debug_info    0x0000000000013251      0xc4d Src/system_stm32f1xx.o
 .debug_info    0x0000000000013e9e     0x107d Src/usart.o
 .debug_info    0x0000000000014f1b       0x73 startup/startup_stm32f103xb.o

.debug_abbrev   0x0000000000000000     0x2b14
 .debug_abbrev  0x0000000000000000      0x315 Drivers/STM32F1xx_HAL_Driver/Src/stm32f1xx_hal.o
 .debug_abbrev  0x0000000000000315      0x3b2 Drivers/STM32F1xx_HAL_Driver/Src/stm32f1xx_hal_cortex.o
 .debug_abbrev  0x00000000000006c7      0x2ae Drivers/STM32F1xx_HAL_Driver/Src/stm32f1xx_hal_gpio.o
 .debug_abbrev  0x0000000000000975      0x3c1 Drivers/STM32F1xx_HAL_Driver/Src/stm32f1xx_hal_i2c.o
 .debug_abbrev  0x0000000000000d36      0x358 Drivers/STM32F1xx_HAL_Driver/Src/stm32f1xx_hal_rcc.o
 .debug_abbrev  0x000000000000108e      0x364 Drivers/STM32F1xx_HAL_Driver/Src/stm32f1xx_hal_uart.o
 .debug_abbrev  0x00000000000013f2      0x282 Src/bluetooth_controller.o
 .debug_abbrev  0x0000000000001674      0x201 Src/fonts.o
 .debug_abbrev  0x0000000000001875      0x1f9 Src/gpio.o
 .debug_abbrev  0x0000000000001a6e      0x24d Src/i2c.o
 .debug_abbrev  0x0000000000001cbb      0x272 Src/main.o
 .debug_abbrev  0x0000000000001f2d      0x3e8 Src/ssd1306.o
 .debug_abbrev  0x0000000000002315      0x1bc Src/stm32f1xx_hal_msp.o
 .debug_abbrev  0x00000000000024d1      0x1f9 Src/stm32f1xx_it.o
 .debug_abbrev  0x00000000000026ca      0x1eb Src/system_stm32f1xx.o
 .debug_abbrev  0x00000000000028b5      0x24d Src/usart.o
 .debug_abbrev  0x0000000000002b02       0x12 startup/startup_stm32f103xb.o

.debug_loc      0x0000000000000000     0x6061
 .debug_loc     0x0000000000000000       0xf3 Drivers/STM32F1xx_HAL_Driver/Src/stm32f1xx_hal.o
 .debug_loc     0x00000000000000f3      0x513 Drivers/STM32F1xx_HAL_Driver/Src/stm32f1xx_hal_cortex.o
 .debug_loc     0x0000000000000606      0x449 Drivers/STM32F1xx_HAL_Driver/Src/stm32f1xx_hal_gpio.o
 .debug_loc     0x0000000000000a4f     0x299a Drivers/STM32F1xx_HAL_Driver/Src/stm32f1xx_hal_i2c.o
 .debug_loc     0x00000000000033e9      0x4d6 Drivers/STM32F1xx_HAL_Driver/Src/stm32f1xx_hal_rcc.o
 .debug_loc     0x00000000000038bf     0x1317 Drivers/STM32F1xx_HAL_Driver/Src/stm32f1xx_hal_uart.o
 .debug_loc     0x0000000000004bd6       0x5a Src/fonts.o
 .debug_loc     0x0000000000004c30       0x58 Src/i2c.o
 .debug_loc     0x0000000000004c88     0x12b4 Src/ssd1306.o
 .debug_loc     0x0000000000005f3c       0xcd Src/system_stm32f1xx.o
 .debug_loc     0x0000000000006009       0x58 Src/usart.o

.debug_aranges  0x0000000000000000      0x800
 .debug_aranges
                0x0000000000000000       0xc8 Drivers/STM32F1xx_HAL_Driver/Src/stm32f1xx_hal.o
 .debug_aranges
                0x00000000000000c8       0x90 Drivers/STM32F1xx_HAL_Driver/Src/stm32f1xx_hal_cortex.o
 .debug_aranges
                0x0000000000000158       0x58 Drivers/STM32F1xx_HAL_Driver/Src/stm32f1xx_hal_gpio.o
 .debug_aranges
                0x00000000000001b0      0x190 Drivers/STM32F1xx_HAL_Driver/Src/stm32f1xx_hal_i2c.o
 .debug_aranges
                0x0000000000000340       0x88 Drivers/STM32F1xx_HAL_Driver/Src/stm32f1xx_hal_rcc.o
 .debug_aranges
                0x00000000000003c8      0x170 Drivers/STM32F1xx_HAL_Driver/Src/stm32f1xx_hal_uart.o
 .debug_aranges
                0x0000000000000538       0x40 Src/bluetooth_controller.o
 .debug_aranges
                0x0000000000000578       0x20 Src/fonts.o
 .debug_aranges
                0x0000000000000598       0x20 Src/gpio.o
 .debug_aranges
                0x00000000000005b8       0x30 Src/i2c.o
 .debug_aranges
                0x00000000000005e8       0x38 Src/main.o
 .debug_aranges
                0x0000000000000620       0xf8 Src/ssd1306.o
 .debug_aranges
                0x0000000000000718       0x20 Src/stm32f1xx_hal_msp.o
 .debug_aranges
                0x0000000000000738       0x48 Src/stm32f1xx_it.o
 .debug_aranges
                0x0000000000000780       0x28 Src/system_stm32f1xx.o
 .debug_aranges
                0x00000000000007a8       0x30 Src/usart.o
 .debug_aranges
                0x00000000000007d8       0x28 startup/startup_stm32f103xb.o

.debug_ranges   0x0000000000000000      0xbd0
 .debug_ranges  0x0000000000000000       0xb8 Drivers/STM32F1xx_HAL_Driver/Src/stm32f1xx_hal.o
 .debug_ranges  0x00000000000000b8       0xf0 Drivers/STM32F1xx_HAL_Driver/Src/stm32f1xx_hal_cortex.o
 .debug_ranges  0x00000000000001a8       0x68 Drivers/STM32F1xx_HAL_Driver/Src/stm32f1xx_hal_gpio.o
 .debug_ranges  0x0000000000000210      0x438 Drivers/STM32F1xx_HAL_Driver/Src/stm32f1xx_hal_i2c.o
 .debug_ranges  0x0000000000000648       0xa0 Drivers/STM32F1xx_HAL_Driver/Src/stm32f1xx_hal_rcc.o
 .debug_ranges  0x00000000000006e8      0x190 Drivers/STM32F1xx_HAL_Driver/Src/stm32f1xx_hal_uart.o
 .debug_ranges  0x0000000000000878       0x30 Src/bluetooth_controller.o
 .debug_ranges  0x00000000000008a8       0x10 Src/fonts.o
 .debug_ranges  0x00000000000008b8       0x50 Src/gpio.o
 .debug_ranges  0x0000000000000908       0x40 Src/i2c.o
 .debug_ranges  0x0000000000000948       0x28 Src/main.o
 .debug_ranges  0x0000000000000970      0x158 Src/ssd1306.o
 .debug_ranges  0x0000000000000ac8       0x58 Src/stm32f1xx_hal_msp.o
 .debug_ranges  0x0000000000000b20       0x38 Src/stm32f1xx_it.o
 .debug_ranges  0x0000000000000b58       0x18 Src/system_stm32f1xx.o
 .debug_ranges  0x0000000000000b70       0x40 Src/usart.o
 .debug_ranges  0x0000000000000bb0       0x20 startup/startup_stm32f103xb.o

.debug_line     0x0000000000000000     0x5af7
 .debug_line    0x0000000000000000      0x415 Drivers/STM32F1xx_HAL_Driver/Src/stm32f1xx_hal.o
 .debug_line    0x0000000000000415      0x464 Drivers/STM32F1xx_HAL_Driver/Src/stm32f1xx_hal_cortex.o
 .debug_line    0x0000000000000879      0x51e Drivers/STM32F1xx_HAL_Driver/Src/stm32f1xx_hal_gpio.o
 .debug_line    0x0000000000000d97     0x1b31 Drivers/STM32F1xx_HAL_Driver/Src/stm32f1xx_hal_i2c.o
 .debug_line    0x00000000000028c8      0x6ce Drivers/STM32F1xx_HAL_Driver/Src/stm32f1xx_hal_rcc.o
 .debug_line    0x0000000000002f96      0xd27 Drivers/STM32F1xx_HAL_Driver/Src/stm32f1xx_hal_uart.o
 .debug_line    0x0000000000003cbd      0x2f8 Src/bluetooth_controller.o
 .debug_line    0x0000000000003fb5      0x235 Src/fonts.o
 .debug_line    0x00000000000041ea      0x21b Src/gpio.o
 .debug_line    0x0000000000004405      0x2ad Src/i2c.o
 .debug_line    0x00000000000046b2      0x391 Src/main.o
 .debug_line    0x0000000000004a43      0x6ff Src/ssd1306.o
 .debug_line    0x0000000000005142      0x205 Src/stm32f1xx_hal_msp.o
 .debug_line    0x0000000000005347      0x236 Src/stm32f1xx_it.o
 .debug_line    0x000000000000557d      0x241 Src/system_stm32f1xx.o
 .debug_line    0x00000000000057be      0x2bc Src/usart.o
 .debug_line    0x0000000000005a7a       0x7d startup/startup_stm32f103xb.o

.debug_str      0x0000000000000000     0x2d17
 .debug_str     0x0000000000000000      0xbd6 Drivers/STM32F1xx_HAL_Driver/Src/stm32f1xx_hal.o
                                        0xc77 (size before relaxing)
 .debug_str     0x0000000000000bd6      0x2e1 Drivers/STM32F1xx_HAL_Driver/Src/stm32f1xx_hal_cortex.o
                                        0xd9f (size before relaxing)
 .debug_str     0x0000000000000eb7      0x1d0 Drivers/STM32F1xx_HAL_Driver/Src/stm32f1xx_hal_gpio.o
                                        0x90c (size before relaxing)
 .debug_str     0x0000000000001087      0xc39 Drivers/STM32F1xx_HAL_Driver/Src/stm32f1xx_hal_i2c.o
                                       0x13a2 (size before relaxing)
 .debug_str     0x0000000000001cc0      0x306 Drivers/STM32F1xx_HAL_Driver/Src/stm32f1xx_hal_rcc.o
                                        0xaea (size before relaxing)
 .debug_str     0x0000000000001fc6      0x6cd Drivers/STM32F1xx_HAL_Driver/Src/stm32f1xx_hal_uart.o
                                       0x1054 (size before relaxing)
 .debug_str     0x0000000000002693       0xeb Src/bluetooth_controller.o
                                        0xb43 (size before relaxing)
 .debug_str     0x000000000000277e       0x9c Src/fonts.o
                                        0x741 (size before relaxing)
 .debug_str     0x000000000000281a       0x2b Src/gpio.o
                                        0x777 (size before relaxing)
 .debug_str     0x0000000000002845       0x38 Src/i2c.o
                                        0xc1c (size before relaxing)
 .debug_str     0x000000000000287d       0x8c Src/main.o
                                        0xf1b (size before relaxing)
 .debug_str     0x0000000000002909      0x2e6 Src/ssd1306.o
                                        0xecf (size before relaxing)
 .debug_str     0x0000000000002bef       0x1b Src/stm32f1xx_hal_msp.o
                                        0x712 (size before relaxing)
 .debug_str     0x0000000000002c0a       0xa6 Src/stm32f1xx_it.o
                                        0x729 (size before relaxing)
 .debug_str     0x0000000000002cb0       0x4d Src/system_stm32f1xx.o
                                        0x767 (size before relaxing)
 .debug_str     0x0000000000002cfd       0x1a Src/usart.o
                                        0xb46 (size before relaxing)

.comment        0x0000000000000000       0x7c
 .comment       0x0000000000000000       0x7c Drivers/STM32F1xx_HAL_Driver/Src/stm32f1xx_hal.o
                                         0x7d (size before relaxing)
 .comment       0x000000000000007c       0x7d Drivers/STM32F1xx_HAL_Driver/Src/stm32f1xx_hal_cortex.o
 .comment       0x000000000000007c       0x7d Drivers/STM32F1xx_HAL_Driver/Src/stm32f1xx_hal_gpio.o
 .comment       0x000000000000007c       0x7d Drivers/STM32F1xx_HAL_Driver/Src/stm32f1xx_hal_i2c.o
 .comment       0x000000000000007c       0x7d Drivers/STM32F1xx_HAL_Driver/Src/stm32f1xx_hal_rcc.o
 .comment       0x000000000000007c       0x7d Drivers/STM32F1xx_HAL_Driver/Src/stm32f1xx_hal_uart.o
 .comment       0x000000000000007c       0x7d Src/bluetooth_controller.o
 .comment       0x000000000000007c       0x7d Src/fonts.o
 .comment       0x000000000000007c       0x7d Src/gpio.o
 .comment       0x000000000000007c       0x7d Src/i2c.o
 .comment       0x000000000000007c       0x7d Src/main.o
 .comment       0x000000000000007c       0x7d Src/ssd1306.o
 .comment       0x000000000000007c       0x7d Src/stm32f1xx_hal_msp.o
 .comment       0x000000000000007c       0x7d Src/stm32f1xx_it.o
 .comment       0x000000000000007c       0x7d Src/system_stm32f1xx.o
 .comment       0x000000000000007c       0x7d Src/usart.o

.debug_frame    0x0000000000000000     0x181c
 .debug_frame   0x0000000000000000      0x1b0 Drivers/STM32F1xx_HAL_Driver/Src/stm32f1xx_hal.o
 .debug_frame   0x00000000000001b0      0x164 Drivers/STM32F1xx_HAL_Driver/Src/stm32f1xx_hal_cortex.o
 .debug_frame   0x0000000000000314      0x100 Drivers/STM32F1xx_HAL_Driver/Src/stm32f1xx_hal_gpio.o
 .debug_frame   0x0000000000000414      0x69c Drivers/STM32F1xx_HAL_Driver/Src/stm32f1xx_hal_i2c.o
 .debug_frame   0x0000000000000ab0      0x168 Drivers/STM32F1xx_HAL_Driver/Src/stm32f1xx_hal_rcc.o
 .debug_frame   0x0000000000000c18      0x4b8 Drivers/STM32F1xx_HAL_Driver/Src/stm32f1xx_hal_uart.o
 .debug_frame   0x00000000000010d0       0xc4 Src/bluetooth_controller.o
 .debug_frame   0x0000000000001194       0x2c Src/fonts.o
 .debug_frame   0x00000000000011c0       0x30 Src/gpio.o
 .debug_frame   0x00000000000011f0       0x60 Src/i2c.o
 .debug_frame   0x0000000000001250       0x64 Src/main.o
 .debug_frame   0x00000000000012b4      0x3a4 Src/ssd1306.o
 .debug_frame   0x0000000000001658       0x28 Src/stm32f1xx_hal_msp.o
 .debug_frame   0x0000000000001680       0xa0 Src/stm32f1xx_it.o
 .debug_frame   0x0000000000001720       0x30 Src/system_stm32f1xx.o
 .debug_frame   0x0000000000001750       0x60 Src/usart.o
 .debug_frame   0x00000000000017b0       0x2c /opt/truestudio/ARMTools/bin/../lib/gcc/arm-atollic-eabi/6.3.1/../../../../arm-atollic-eabi/lib/armv7-m/libc_nano.a(lib_a-init.o)
 .debug_frame   0x00000000000017dc       0x20 /opt/truestudio/ARMTools/bin/../lib/gcc/arm-atollic-eabi/6.3.1/../../../../arm-atollic-eabi/lib/armv7-m/libc_nano.a(lib_a-memset.o)
 .debug_frame   0x00000000000017fc       0x20 /opt/truestudio/ARMTools/bin/../lib/gcc/arm-atollic-eabi/6.3.1/../../../../arm-atollic-eabi/lib/armv7-m/libc_nano.a(lib_a-strcpy.o)
